Archive member included to satisfy reference by file (symbol)

Build_STM32G431_Candlelight_WeActStudioV2/STM32Cube\libstm32cube.a(stm32g4xx_hal.o)
                              Build_STM32G431_Candlelight_WeActStudioV2/dfu.o (HAL_DeInit)
Build_STM32G431_Candlelight_WeActStudioV2/STM32Cube\libstm32cube.a(stm32g4xx_hal_cortex.o)
                              Build_STM32G431_Candlelight_WeActStudioV2/STM32Cube\libstm32cube.a(stm32g4xx_hal.o) (HAL_NVIC_SetPriorityGrouping)
Build_STM32G431_Candlelight_WeActStudioV2/STM32Cube\libstm32cube.a(stm32g4xx_hal_fdcan.o)
                              Build_STM32G431_Candlelight_WeActStudioV2/can.o (HAL_FDCAN_Init)
Build_STM32G431_Candlelight_WeActStudioV2/STM32Cube\libstm32cube.a(stm32g4xx_hal_flash.o)
                              Build_STM32G431_Candlelight_WeActStudioV2/system.o (HAL_FLASH_Program)
Build_STM32G431_Candlelight_WeActStudioV2/STM32Cube\libstm32cube.a(stm32g4xx_hal_flash_ex.o)
                              Build_STM32G431_Candlelight_WeActStudioV2/system.o (HAL_FLASHEx_Erase)
Build_STM32G431_Candlelight_WeActStudioV2/STM32Cube\libstm32cube.a(stm32g4xx_hal_gpio.o)
                              Build_STM32G431_Candlelight_WeActStudioV2/can.o (HAL_GPIO_Init)
Build_STM32G431_Candlelight_WeActStudioV2/STM32Cube\libstm32cube.a(stm32g4xx_hal_pcd.o)
                              Build_STM32G431_Candlelight_WeActStudioV2/usb_lowlevel.o (HAL_PCD_Init)
Build_STM32G431_Candlelight_WeActStudioV2/STM32Cube\libstm32cube.a(stm32g4xx_hal_pcd_ex.o)
                              Build_STM32G431_Candlelight_WeActStudioV2/usb_lowlevel.o (HAL_PCDEx_PMAConfig)
Build_STM32G431_Candlelight_WeActStudioV2/STM32Cube\libstm32cube.a(stm32g4xx_hal_pwr_ex.o)
                              Build_STM32G431_Candlelight_WeActStudioV2/system.o (HAL_PWREx_ControlVoltageScaling)
Build_STM32G431_Candlelight_WeActStudioV2/STM32Cube\libstm32cube.a(stm32g4xx_hal_rcc.o)
                              Build_STM32G431_Candlelight_WeActStudioV2/dfu.o (HAL_RCC_DeInit)
Build_STM32G431_Candlelight_WeActStudioV2/STM32Cube\libstm32cube.a(stm32g4xx_hal_rcc_ex.o)
                              Build_STM32G431_Candlelight_WeActStudioV2/system.o (HAL_RCCEx_PeriphCLKConfig)
Build_STM32G431_Candlelight_WeActStudioV2/STM32Cube\libstm32cube.a(stm32g4xx_hal_tim.o)
                              Build_STM32G431_Candlelight_WeActStudioV2/system.o (HAL_TIM_Base_Init)
Build_STM32G431_Candlelight_WeActStudioV2/STM32Cube\libstm32cube.a(stm32g4xx_hal_tim_ex.o)
                              Build_STM32G431_Candlelight_WeActStudioV2/STM32Cube\libstm32cube.a(stm32g4xx_hal_tim.o) (TIMEx_DMACommutationCplt)
Build_STM32G431_Candlelight_WeActStudioV2/STM32Cube\libstm32cube.a(stm32g4xx_ll_usb.o)
                              Build_STM32G431_Candlelight_WeActStudioV2/STM32Cube\libstm32cube.a(stm32g4xx_hal_pcd.o) (USB_EnableGlobalInt)
Build_STM32G431_Candlelight_WeActStudioV2/STM32Cube\libstm32cube.a(stm32g4xx_hal_dma.o)
                              Build_STM32G431_Candlelight_WeActStudioV2/STM32Cube\libstm32cube.a(stm32g4xx_hal_tim.o) (HAL_DMA_Start_IT)
Build_STM32G431_Candlelight_WeActStudioV2/STM32Cube\libstm32cube.a(stm32g4xx_hal_pwr.o)
                              Build_STM32G431_Candlelight_WeActStudioV2/STM32Cube\libstm32cube.a(stm32g4xx_hal_rcc_ex.o) (HAL_PWR_EnableBkUpAccess)
C:/ST/STM32CubeIDE_2.1.1/STM32CubeIDE/plugins/com.st.stm32cube.ide.mcu.externaltools.gnu-tools-for-stm32.14.3.rel1.win32_1.0.100.202602081740/tools/bin/../lib/gcc/arm-none-eabi/14.3.1/../../../../arm-none-eabi/lib/thumb/v7e-m/nofp\libc_nano.a(libc_a-exit.o)
                              C:/ST/STM32CubeIDE_2.1.1/STM32CubeIDE/plugins/com.st.stm32cube.ide.mcu.externaltools.gnu-tools-for-stm32.14.3.rel1.win32_1.0.100.202602081740/tools/bin/../lib/gcc/arm-none-eabi/14.3.1/../../../../arm-none-eabi/lib/thumb/v7e-m/nofp/crt0.o (exit)
C:/ST/STM32CubeIDE_2.1.1/STM32CubeIDE/plugins/com.st.stm32cube.ide.mcu.externaltools.gnu-tools-for-stm32.14.3.rel1.win32_1.0.100.202602081740/tools/bin/../lib/gcc/arm-none-eabi/14.3.1/../../../../arm-none-eabi/lib/thumb/v7e-m/nofp\libc_nano.a(libc_a-findfp.o)
                              C:/ST/STM32CubeIDE_2.1.1/STM32CubeIDE/plugins/com.st.stm32cube.ide.mcu.externaltools.gnu-tools-for-stm32.14.3.rel1.win32_1.0.100.202602081740/tools/bin/../lib/gcc/arm-none-eabi/14.3.1/../../../../arm-none-eabi/lib/thumb/v7e-m/nofp\libc_nano.a(libc_a-exit.o) (__stdio_exit_handler)
C:/ST/STM32CubeIDE_2.1.1/STM32CubeIDE/plugins/com.st.stm32cube.ide.mcu.externaltools.gnu-tools-for-stm32.14.3.rel1.win32_1.0.100.202602081740/tools/bin/../lib/gcc/arm-none-eabi/14.3.1/../../../../arm-none-eabi/lib/thumb/v7e-m/nofp\libc_nano.a(libc_a-fwalk.o)
                              C:/ST/STM32CubeIDE_2.1.1/STM32CubeIDE/plugins/com.st.stm32cube.ide.mcu.externaltools.gnu-tools-for-stm32.14.3.rel1.win32_1.0.100.202602081740/tools/bin/../lib/gcc/arm-none-eabi/14.3.1/../../../../arm-none-eabi/lib/thumb/v7e-m/nofp\libc_nano.a(libc_a-findfp.o) (_fwalk_sglue)
[...]
Memory Configuration

Name             Origin             Length             Attributes
RAM              0x20000000         0x00008000         xrw
FLASH            0x08000000         0x0001f800         xr
DATA             0x0801f800         0x00000800         xr
*default*        0x00000000         0xffffffff

Linker script and memory map

LOAD C:/ST/STM32CubeIDE_2.1.1/STM32CubeIDE/plugins/com.st.stm32cube.ide.mcu.externaltools.gnu-tools-for-stm32.14.3.rel1.win32_1.0.100.202602081740/tools/bin/../lib/gcc/arm-none-eabi/14.3.1/thumb/v7e-m/nofp/crti.o
LOAD C:/ST/STM32CubeIDE_2.1.1/STM32CubeIDE/plugins/com.st.stm32cube.ide.mcu.externaltools.gnu-tools-for-stm32.14.3.rel1.win32_1.0.100.202602081740/tools/bin/../lib/gcc/arm-none-eabi/14.3.1/thumb/v7e-m/nofp/crtbegin.o
LOAD C:/ST/STM32CubeIDE_2.1.1/STM32CubeIDE/plugins/com.st.stm32cube.ide.mcu.externaltools.gnu-tools-for-stm32.14.3.rel1.win32_1.0.100.202602081740/tools/bin/../lib/gcc/arm-none-eabi/14.3.1/../../../../arm-none-eabi/lib/thumb/v7e-m/nofp/crt0.o
LOAD Build_STM32G431_Candlelight_WeActStudioV2/main.o
LOAD Build_STM32G431_Candlelight_WeActStudioV2/system_STM32G4xx.o
LOAD Build_STM32G431_Candlelight_WeActStudioV2/system.o
LOAD Build_STM32G431_Candlelight_WeActStudioV2/interrupts.o
LOAD Build_STM32G431_Candlelight_WeActStudioV2/can.o
LOAD Build_STM32G431_Candlelight_WeActStudioV2/error.o
LOAD Build_STM32G431_Candlelight_WeActStudioV2/led.o
LOAD Build_STM32G431_Candlelight_WeActStudioV2/dfu.o
LOAD Build_STM32G431_Candlelight_WeActStudioV2/utils.o
LOAD Build_STM32G431_Candlelight_WeActStudioV2/usb_ctrlreq.o
LOAD Build_STM32G431_Candlelight_WeActStudioV2/usb_ioreq.o
LOAD Build_STM32G431_Candlelight_WeActStudioV2/usb_core.o
LOAD Build_STM32G431_Candlelight_WeActStudioV2/usb_lowlevel.o
LOAD Build_STM32G431_Candlelight_WeActStudioV2/startup_STM32G431.o
LOAD Build_STM32G431_Candlelight_WeActStudioV2/Candlelight/control.o
LOAD Build_STM32G431_Candlelight_WeActStudioV2/Candlelight/buffer.o
LOAD Build_STM32G431_Candlelight_WeActStudioV2/Candlelight/usb_class.o
LOAD Build_STM32G431_Candlelight_WeActStudioV2/Candlelight/usb_interface.o
LOAD Build_STM32G431_Candlelight_WeActStudioV2/STM32Cube\libstm32cube.a
LOAD C:/ST/STM32CubeIDE_2.1.1/STM32CubeIDE/plugins/com.st.stm32cube.ide.mcu.externaltools.gnu-tools-for-stm32.14.3.rel1.win32_1.0.100.202602081740/tools/bin/../lib/gcc/arm-none-eabi/14.3.1/../../../../arm-none-eabi/lib/thumb/v7e-m/nofp\libc_nano.a
LOAD C:/ST/STM32CubeIDE_2.1.1/STM32CubeIDE/plugins/com.st.stm32cube.ide.mcu.externaltools.gnu-tools-for-stm32.14.3.rel1.win32_1.0.100.202602081740/tools/bin/../lib/gcc/arm-none-eabi/14.3.1/../../../../arm-none-eabi/lib/thumb/v7e-m/nofp\libm.a
LOAD C:/ST/STM32CubeIDE_2.1.1/STM32CubeIDE/plugins/com.st.stm32cube.ide.mcu.externaltools.gnu-tools-for-stm32.14.3.rel1.win32_1.0.100.202602081740/tools/bin/../lib/gcc/arm-none-eabi/14.3.1/../../../../arm-none-eabi/lib/thumb/v7e-m/nofp\libnosys.a
START GROUP
LOAD C:/ST/STM32CubeIDE_2.1.1/STM32CubeIDE/plugins/com.st.stm32cube.ide.mcu.externaltools.gnu-tools-for-stm32.14.3.rel1.win32_1.0.100.202602081740/tools/bin/../lib/gcc/arm-none-eabi/14.3.1/thumb/v7e-m/nofp\libgcc.a
LOAD C:/ST/STM32CubeIDE_2.1.1/STM32CubeIDE/plugins/com.st.stm32cube.ide.mcu.externaltools.gnu-tools-for-stm32.14.3.rel1.win32_1.0.100.202602081740/tools/bin/../lib/gcc/arm-none-eabi/14.3.1/../../../../arm-none-eabi/lib/thumb/v7e-m/nofp\libg_nano.a
LOAD C:/ST/STM32CubeIDE_2.1.1/STM32CubeIDE/plugins/com.st.stm32cube.ide.mcu.externaltools.gnu-tools-for-stm32.14.3.rel1.win32_1.0.100.202602081740/tools/bin/../lib/gcc/arm-none-eabi/14.3.1/../../../../arm-none-eabi/lib/thumb/v7e-m/nofp\libc_nano.a
END GROUP
START GROUP
LOAD C:/ST/STM32CubeIDE_2.1.1/STM32CubeIDE/plugins/com.st.stm32cube.ide.mcu.externaltools.gnu-tools-for-stm32.14.3.rel1.win32_1.0.100.202602081740/tools/bin/../lib/gcc/arm-none-eabi/14.3.1/thumb/v7e-m/nofp\libgcc.a
LOAD C:/ST/STM32CubeIDE_2.1.1/STM32CubeIDE/plugins/com.st.stm32cube.ide.mcu.externaltools.gnu-tools-for-stm32.14.3.rel1.win32_1.0.100.202602081740/tools/bin/../lib/gcc/arm-none-eabi/14.3.1/../../../../arm-none-eabi/lib/thumb/v7e-m/nofp\libc_nano.a
LOAD C:/ST/STM32CubeIDE_2.1.1/STM32CubeIDE/plugins/com.st.stm32cube.ide.mcu.externaltools.gnu-tools-for-stm32.14.3.rel1.win32_1.0.100.202602081740/tools/bin/../lib/gcc/arm-none-eabi/14.3.1/../../../../arm-none-eabi/lib/thumb/v7e-m/nofp\libnosys.a
END GROUP
START GROUP
LOAD C:/ST/STM32CubeIDE_2.1.1/STM32CubeIDE/plugins/com.st.stm32cube.ide.mcu.externaltools.gnu-tools-for-stm32.14.3.rel1.win32_1.0.100.202602081740/tools/bin/../lib/gcc/arm-none-eabi/14.3.1/thumb/v7e-m/nofp\libgcc.a
LOAD C:/ST/STM32CubeIDE_2.1.1/STM32CubeIDE/plugins/com.st.stm32cube.ide.mcu.externaltools.gnu-tools-for-stm32.14.3.rel1.win32_1.0.100.202602081740/tools/bin/../lib/gcc/arm-none-eabi/14.3.1/../../../../arm-none-eabi/lib/thumb/v7e-m/nofp\libc_nano.a
LOAD C:/ST/STM32CubeIDE_2.1.1/STM32CubeIDE/plugins/com.st.stm32cube.ide.mcu.externaltools.gnu-tools-for-stm32.14.3.rel1.win32_1.0.100.202602081740/tools/bin/../lib/gcc/arm-none-eabi/14.3.1/../../../../arm-none-eabi/lib/thumb/v7e-m/nofp\libnosys.a
END GROUP
LOAD C:/ST/STM32CubeIDE_2.1.1/STM32CubeIDE/plugins/com.st.stm32cube.ide.mcu.externaltools.gnu-tools-for-stm32.14.3.rel1.win32_1.0.100.202602081740/tools/bin/../lib/gcc/arm-none-eabi/14.3.1/thumb/v7e-m/nofp/crtend.o
LOAD C:/ST/STM32CubeIDE_2.1.1/STM32CubeIDE/plugins/com.st.stm32cube.ide.mcu.externaltools.gnu-tools-for-stm32.14.3.rel1.win32_1.0.100.202602081740/tools/bin/../lib/gcc/arm-none-eabi/14.3.1/thumb/v7e-m/nofp/crtn.o
                0x20008000                        _estack = 0x20008000
                0x00000200                        _Min_Heap_Size = 0x200
                0x00000400                        _Min_Stack_Size = 0x400

.isr_vector     0x08000000      0x1d8
                0x08000000                        . = ALIGN (0x4)
 *(.isr_vector)
 .isr_vector    0x08000000      0x1d8 Build_STM32G431_Candlelight_WeActStudioV2/startup_STM32G431.o
                0x08000000                g_pfnVectors
                0x080001d8                        . = ALIGN (0x4)

.text           0x080001e0     0x8e68
                0x080001e0                        . = ALIGN (0x4)
 *(.text)
 .text          0x080001e0       0x40 C:/ST/STM32CubeIDE_2.1.1/STM32CubeIDE/plugins/com.st.stm32cube.ide.mcu.externaltools.gnu-tools-for-stm32.14.3.rel1.win32_1.0.100.202602081740/tools/bin/../lib/gcc/arm-none-eabi/14.3.1/thumb/v7e-m/nofp/crtbegin.o
 .text          0x08000220       0x10 C:/ST/STM32CubeIDE_2.1.1/STM32CubeIDE/plugins/com.st.stm32cube.ide.mcu.externaltools.gnu-tools-for-stm32.14.3.rel1.win32_1.0.100.202602081740/tools/bin/../lib/gcc/arm-none-eabi/14.3.1/../../../../arm-none-eabi/lib/thumb/v7e-m/nofp\libc_nano.a(libc_a-strlen.o)
                0x08000220                strlen
 .text          0x08000230       0xa0 C:/ST/STM32CubeIDE_2.1.1/STM32CubeIDE/plugins/com.st.stm32cube.ide.mcu.externaltools.gnu-tools-for-stm32.14.3.rel1.win32_1.0.100.202602081740/tools/bin/../lib/gcc/arm-none-eabi/14.3.1/../../../../arm-none-eabi/lib/thumb/v7e-m/nofp\libc_nano.a(libc_a-memchr.o)
                0x08000230                memchr
 *(.text*)
 .text.startup.main
                0x080002d0       0xb0 Build_STM32G431_Candlelight_WeActStudioV2/main.o
                0x080002d0                main
 .text.SystemInit
                0x08000380       0x10 Build_STM32G431_Candlelight_WeActStudioV2/system_STM32G4xx.o
                0x08000380                SystemInit
 .text.system_init_timestamp
                0x08000390       0x7c Build_STM32G431_Candlelight_WeActStudioV2/system.o
                0x08000390                system_init_timestamp
 .text.HAL_FDCAN_TimestampWraparoundCallback
                0x0800040c       0x10 Build_STM32G431_Candlelight_WeActStudioV2/system.o
                0x0800040c                HAL_FDCAN_TimestampWraparoundCallback
 .text.system_reset_timestamps
                0x0800041c       0x14 Build_STM32G431_Candlelight_WeActStudioV2/system.o
                0x0800041c                system_reset_timestamps
 .text.system_get_mcu_serie
                0x08000430       0x2c Build_STM32G431_Candlelight_WeActStudioV2/system.o
                0x08000430                system_get_mcu_serie
 .text.system_get_can_clock
                0x0800045c        0xc Build_STM32G431_Candlelight_WeActStudioV2/system.o
                0x0800045c                system_get_can_clock
 .text.system_get_timestamp
                0x08000468       0x18 Build_STM32G431_Candlelight_WeActStudioV2/system.o
                0x08000468                system_get_timestamp
 .text.system_get_timewrap
                0x08000480        0xc Build_STM32G431_Candlelight_WeActStudioV2/system.o
                0x08000480                system_get_timewrap
 .text.system_is_option_enabled
                0x0800048c       0x5c Build_STM32G431_Candlelight_WeActStudioV2/system.o
                0x0800048c                system_is_option_enabled
 .text.system_set_option_bytes
                0x080004e8       0xc8 Build_STM32G431_Candlelight_WeActStudioV2/system.o
                0x080004e8                system_set_option_bytes
 .text.system_init
                0x080005b0      0x144 Build_STM32G431_Candlelight_WeActStudioV2/system.o
                0x080005b0                system_init
 .text.system_get_flash_addr
                0x080006f4       0x50 Build_STM32G431_Candlelight_WeActStudioV2/system.o
                0x080006f4                system_get_flash_addr
 .text.system_write_flash
                0x08000744      0x10c Build_STM32G431_Candlelight_WeActStudioV2/system.o
                0x08000744                system_write_flash
 .text.NMI_Handler
                0x08000850        0x4 Build_STM32G431_Candlelight_WeActStudioV2/interrupts.o
                0x08000850                NMI_Handler
 .text.HardFault_Handler
                0x08000854        0x4 Build_STM32G431_Candlelight_WeActStudioV2/interrupts.o
                0x08000854                HardFault_Handler
 .text.MemManage_Handler
                0x08000858        0x4 Build_STM32G431_Candlelight_WeActStudioV2/interrupts.o
                0x08000858                MemManage_Handler
 .text.BusFault_Handler
                0x0800085c        0x4 Build_STM32G431_Candlelight_WeActStudioV2/interrupts.o
                0x0800085c                BusFault_Handler
 .text.UsageFault_Handler
                0x08000860        0x4 Build_STM32G431_Candlelight_WeActStudioV2/interrupts.o
                0x08000860                UsageFault_Handler
 .text.SVC_Handler
                0x08000864        0x4 Build_STM32G431_Candlelight_WeActStudioV2/interrupts.o
                0x08000864                SVC_Handler
 .text.DebugMon_Handler
                0x08000868        0x4 Build_STM32G431_Candlelight_WeActStudioV2/interrupts.o
                0x08000868                DebugMon_Handler
 .text.PendSV_Handler
                0x0800086c        0x4 Build_STM32G431_Candlelight_WeActStudioV2/interrupts.o
                0x0800086c                PendSV_Handler
 .text.SysTick_Handler
                0x08000870       0x10 Build_STM32G431_Candlelight_WeActStudioV2/interrupts.o
                0x08000870                SysTick_Handler
 .text.USB_LP_IRQHandler
                0x08000880        0xc Build_STM32G431_Candlelight_WeActStudioV2/interrupts.o
                0x08000880                USB_LP_IRQHandler
 .text.USB_HP_IRQHandler
                0x0800088c        0xc Build_STM32G431_Candlelight_WeActStudioV2/interrupts.o
                0x0800088c                USB_HP_IRQHandler
 .text.FDCAN1_IT0_IRQHandler
                0x08000898       0x10 Build_STM32G431_Candlelight_WeActStudioV2/interrupts.o
                0x08000898                FDCAN1_IT0_IRQHandler
 .text.can_calc_bit_count_in_frame.part.0
                0x080008a8       0xa8 Build_STM32G431_Candlelight_WeActStudioV2/can.o
 .text.can_init
                0x08000950       0xd4 Build_STM32G431_Candlelight_WeActStudioV2/can.o
                0x08000950                can_init
 .text.can_open
                0x08000a24      0x2a4 Build_STM32G431_Candlelight_WeActStudioV2/can.o
                0x08000a24                can_open
 .text.can_close_all
                0x08000cc8       0x4c Build_STM32G431_Candlelight_WeActStudioV2/can.o
                0x08000cc8                can_close_all
 .text.can_close
                0x08000d14       0x60 Build_STM32G431_Candlelight_WeActStudioV2/can.o
                0x08000d14                can_close
 .text.can_send_packet
                0x08000d74       0xb4 Build_STM32G431_Candlelight_WeActStudioV2/can.o
                0x08000d74                can_send_packet
 .text.can_recover_bus_off
                0x08000e28       0x6c Build_STM32G431_Candlelight_WeActStudioV2/can.o
                0x08000e28                can_recover_bus_off
 .text.can_timer_100ms
                0x08000e94       0x90 Build_STM32G431_Candlelight_WeActStudioV2/can.o
                0x08000e94                can_timer_100ms
 .text.can_set_bit_timing
                0x08000f24       0xb0 Build_STM32G431_Candlelight_WeActStudioV2/can.o
                0x08000f24                can_set_bit_timing
 .text.can_print_info
                0x08000fd4       0xf8 Build_STM32G431_Candlelight_WeActStudioV2/can.o
                0x08000fd4                can_print_info
 .text.can_process
                0x080010cc      0x2cc Build_STM32G431_Candlelight_WeActStudioV2/can.o
                0x080010cc                can_process
 .text.can_add_host_filter
                0x08001398      0x144 Build_STM32G431_Candlelight_WeActStudioV2/can.o
                0x08001398                can_add_host_filter
 .text.can_clear_host_filters
                0x080014dc       0x2c Build_STM32G431_Candlelight_WeActStudioV2/can.o
                0x080014dc                can_clear_host_filters
 .text.can_set_bridge_filter
                0x08001508        0x4 Build_STM32G431_Candlelight_WeActStudioV2/can.o
                0x08001508                can_set_bridge_filter
 .text.can_set_termination
                0x0800150c       0x40 Build_STM32G431_Candlelight_WeActStudioV2/can.o
                0x0800150c                can_set_termination
 .text.can_get_termination
                0x0800154c       0x2c Build_STM32G431_Candlelight_WeActStudioV2/can.o
                0x0800154c                can_get_termination
 .text.can_enable_busload
                0x08001578       0x20 Build_STM32G431_Candlelight_WeActStudioV2/can.o
                0x08001578                can_enable_busload
 .text.can_is_any_open
                0x08001598        0xc Build_STM32G431_Candlelight_WeActStudioV2/can.o
                0x08001598                can_is_any_open
 .text.can_is_open
                0x080015a4       0x14 Build_STM32G431_Candlelight_WeActStudioV2/can.o
                0x080015a4                can_is_open
 .text.can_is_passive
                0x080015b8       0x1c Build_STM32G431_Candlelight_WeActStudioV2/can.o
                0x080015b8                can_is_passive
 .text.can_using_FD
                0x080015d4       0x1c Build_STM32G431_Candlelight_WeActStudioV2/can.o
                0x080015d4                can_using_FD
 .text.can_is_tx_allowed
                0x080015f0       0x30 Build_STM32G431_Candlelight_WeActStudioV2/can.o
                0x080015f0                can_is_tx_allowed
 .text.can_is_tx_fifo_free
                0x08001620       0x1c Build_STM32G431_Candlelight_WeActStudioV2/can.o
                0x08001620                can_is_tx_fifo_free
 .text.can_get_handle
                0x0800163c       0x10 Build_STM32G431_Candlelight_WeActStudioV2/can.o
                0x0800163c                can_get_handle
 .text.error_init
                0x0800164c       0x20 Build_STM32G431_Candlelight_WeActStudioV2/error.o
                0x0800164c                error_init
 .text.error_assert
                0x0800166c       0x28 Build_STM32G431_Candlelight_WeActStudioV2/error.o
                0x0800166c                error_assert
 .text.error_get_state
                0x08001694       0x10 Build_STM32G431_Candlelight_WeActStudioV2/error.o
                0x08001694                error_get_state
 .text.error_is_report_due
                0x080016a4      0x180 Build_STM32G431_Candlelight_WeActStudioV2/error.o
                0x080016a4                error_is_report_due
 .text.error_clear
                0x08001824       0x18 Build_STM32G431_Candlelight_WeActStudioV2/error.o
                0x08001824                error_clear
 .text.led_init
                0x0800183c       0x8c Build_STM32G431_Candlelight_WeActStudioV2/led.o
                0x0800183c                led_init
 .text.led_sleep
                0x080018c8       0x34 Build_STM32G431_Candlelight_WeActStudioV2/led.o
                0x080018c8                led_sleep
 .text.led_blink_power_on
                0x080018fc       0x64 Build_STM32G431_Candlelight_WeActStudioV2/led.o
                0x080018fc                led_blink_power_on
 .text.led_blink_identify
                0x08001960       0x60 Build_STM32G431_Candlelight_WeActStudioV2/led.o
                0x08001960                led_blink_identify
 .text.led_turn_TX
                0x080019c0       0x30 Build_STM32G431_Candlelight_WeActStudioV2/led.o
                0x080019c0                led_turn_TX
 .text.led_flash_TX
                0x080019f0       0x48 Build_STM32G431_Candlelight_WeActStudioV2/led.o
                0x080019f0                led_flash_TX
 .text.led_flash_RX
                0x08001a38       0x54 Build_STM32G431_Candlelight_WeActStudioV2/led.o
                0x08001a38                led_flash_RX
 .text.led_process
                0x08001a8c      0x170 Build_STM32G431_Candlelight_WeActStudioV2/led.o
                0x08001a8c                led_process
 .text.dfu_switch_to_bootloader
                0x08001bfc       0x64 Build_STM32G431_Candlelight_WeActStudioV2/dfu.o
                0x08001bfc                dfu_switch_to_bootloader
 .text.dfu_timer_100ms
                0x08001c60       0x78 Build_STM32G431_Candlelight_WeActStudioV2/dfu.o
                0x08001c60                dfu_timer_100ms
 .text.utils_init
                0x08001cd8       0x38 Build_STM32G431_Candlelight_WeActStudioV2/utils.o
                0x08001cd8                utils_init
 .text.utils_get_bit_limits
                0x08001d10       0x14 Build_STM32G431_Candlelight_WeActStudioV2/utils.o
                0x08001d10                utils_get_bit_limits
 .text.utils_mem_is_empty
                0x08001d24       0x20 Build_STM32G431_Candlelight_WeActStudioV2/utils.o
                0x08001d24                utils_mem_is_empty
 .text.utils_dlc_to_byte_count
                0x08001d44       0x1c Build_STM32G431_Candlelight_WeActStudioV2/utils.o
                0x08001d44                utils_dlc_to_byte_count
 .text.utils_byte_count_to_dlc
                0x08001d60       0x3c Build_STM32G431_Candlelight_WeActStudioV2/utils.o
                0x08001d60                utils_byte_count_to_dlc
 .text.utils_format_bitrate
                0x08001d9c       0xe8 Build_STM32G431_Candlelight_WeActStudioV2/utils.o
                0x08001d9c                utils_format_bitrate
 .text.USBD_StdDevReq
                0x08001e84      0x310 Build_STM32G431_Candlelight_WeActStudioV2/usb_ctrlreq.o
                0x08001e84                USBD_StdDevReq
 .text.USBD_StdItfReq
                0x08002194       0x54 Build_STM32G431_Candlelight_WeActStudioV2/usb_ctrlreq.o
                0x08002194                USBD_StdItfReq
 .text.USBD_StdEPReq
                0x080021e8      0x130 Build_STM32G431_Candlelight_WeActStudioV2/usb_ctrlreq.o
                0x080021e8                USBD_StdEPReq
 .text.USBD_ParseSetupRequest
                0x08002318       0x18 Build_STM32G431_Candlelight_WeActStudioV2/usb_ctrlreq.o
                0x08002318                USBD_ParseSetupRequest
 .text.USBD_CtlError
                0x08002330       0x14 Build_STM32G431_Candlelight_WeActStudioV2/usb_ctrlreq.o
                0x08002330                USBD_CtlError
 .text.USBD_GetStringDescr
                0x08002344       0x48 Build_STM32G431_Candlelight_WeActStudioV2/usb_ctrlreq.o
                0x08002344                USBD_GetStringDescr
 .text.USBD_CtlSendData
                0x0800238c       0x20 Build_STM32G431_Candlelight_WeActStudioV2/usb_ioreq.o
                0x0800238c                USBD_CtlSendData
 .text.USBD_CtlContinueSendData
                0x080023ac       0x10 Build_STM32G431_Candlelight_WeActStudioV2/usb_ioreq.o
                0x080023ac                USBD_CtlContinueSendData
 .text.USBD_CtlPrepareRx
                0x080023bc       0x20 Build_STM32G431_Candlelight_WeActStudioV2/usb_ioreq.o
                0x080023bc                USBD_CtlPrepareRx
 .text.USBD_CtlContinueRx
                0x080023dc       0x10 Build_STM32G431_Candlelight_WeActStudioV2/usb_ioreq.o
                0x080023dc                USBD_CtlContinueRx
 .text.USBD_CtlSendStatus
                0x080023ec       0x1c Build_STM32G431_Candlelight_WeActStudioV2/usb_ioreq.o
                0x080023ec                USBD_CtlSendStatus
 .text.USBD_CtlReceiveStatus
                0x08002408       0x1c Build_STM32G431_Candlelight_WeActStudioV2/usb_ioreq.o
                0x08002408                USBD_CtlReceiveStatus
 .text.USBD_Init
                0x08002424       0x28 Build_STM32G431_Candlelight_WeActStudioV2/usb_core.o
                0x08002424                USBD_Init
 .text.USBD_SetClassConfig
                0x0800244c       0x18 Build_STM32G431_Candlelight_WeActStudioV2/usb_core.o
                0x0800244c                USBD_SetClassConfig
 .text.USBD_ClrClassConfig
                0x08002464       0x10 Build_STM32G431_Candlelight_WeActStudioV2/usb_core.o
                0x08002464                USBD_ClrClassConfig
 .text.USBD_LL_SetupStage
                0x08002474       0x60 Build_STM32G431_Candlelight_WeActStudioV2/usb_core.o
                0x08002474                USBD_LL_SetupStage
 .text.USBD_LL_DataOutStage
                0x080024d4       0x74 Build_STM32G431_Candlelight_WeActStudioV2/usb_core.o
                0x080024d4                USBD_LL_DataOutStage
 .text.USBD_LL_DataInStage
                0x08002548       0xc0 Build_STM32G431_Candlelight_WeActStudioV2/usb_core.o
                0x08002548                USBD_LL_DataInStage
 .text.USBD_LL_Reset
                0x08002608       0x4c Build_STM32G431_Candlelight_WeActStudioV2/usb_core.o
                0x08002608                USBD_LL_Reset
 .text.USBD_LL_SetSpeed
                0x08002654        0xc Build_STM32G431_Candlelight_WeActStudioV2/usb_core.o
                0x08002654                USBD_LL_SetSpeed
 .text.USBD_LL_Suspend
                0x08002660       0x18 Build_STM32G431_Candlelight_WeActStudioV2/usb_core.o
                0x08002660                USBD_LL_Suspend
 .text.USBD_LL_Resume
                0x08002678       0x1c Build_STM32G431_Candlelight_WeActStudioV2/usb_core.o
                0x08002678                USBD_LL_Resume
 .text.USBD_LL_SOF
                0x08002694       0x28 Build_STM32G431_Candlelight_WeActStudioV2/usb_core.o
                0x08002694                USBD_LL_SOF
 .text.HAL_PCD_MspInit
                0x080026bc       0x44 Build_STM32G431_Candlelight_WeActStudioV2/usb_lowlevel.o
                0x080026bc                HAL_PCD_MspInit
 .text.HAL_PCD_SetupStageCallback
                0x08002700       0x18 Build_STM32G431_Candlelight_WeActStudioV2/usb_lowlevel.o
                0x08002700                HAL_PCD_SetupStageCallback
 .text.HAL_PCD_DataOutStageCallback
                0x08002718       0x18 Build_STM32G431_Candlelight_WeActStudioV2/usb_lowlevel.o
                0x08002718                HAL_PCD_DataOutStageCallback
 .text.HAL_PCD_DataInStageCallback
                0x08002730       0x18 Build_STM32G431_Candlelight_WeActStudioV2/usb_lowlevel.o
                0x08002730                HAL_PCD_DataInStageCallback
 .text.HAL_PCD_SOFCallback
                0x08002748        0x4 Build_STM32G431_Candlelight_WeActStudioV2/usb_lowlevel.o
                0x08002748                HAL_PCD_SOFCallback
 .text.HAL_PCD_ResetCallback
                0x0800274c       0x10 Build_STM32G431_Candlelight_WeActStudioV2/usb_lowlevel.o
                0x0800274c                HAL_PCD_ResetCallback
 .text.HAL_PCD_SuspendCallback
                0x0800275c       0x30 Build_STM32G431_Candlelight_WeActStudioV2/usb_lowlevel.o
                0x0800275c                HAL_PCD_SuspendCallback
 .text.HAL_PCD_ResumeCallback
                0x0800278c       0x2c Build_STM32G431_Candlelight_WeActStudioV2/usb_lowlevel.o
                0x0800278c                HAL_PCD_ResumeCallback
 .text.HAL_PCD_Is_Suspended
                0x080027b8        0xc Build_STM32G431_Candlelight_WeActStudioV2/usb_lowlevel.o
                0x080027b8                HAL_PCD_Is_Suspended
 .text.USBD_LL_Init
                0x080027c4       0x28 Build_STM32G431_Candlelight_WeActStudioV2/usb_lowlevel.o
                0x080027c4                USBD_LL_Init
 .text.USBD_LL_ConfigurePMA
                0x080027ec       0x44 Build_STM32G431_Candlelight_WeActStudioV2/usb_lowlevel.o
                0x080027ec                USBD_LL_ConfigurePMA
 .text.USBD_LL_Start
                0x08002830       0x18 Build_STM32G431_Candlelight_WeActStudioV2/usb_lowlevel.o
                0x08002830                USBD_LL_Start
 .text.USBD_LL_OpenEP
                0x08002848       0x20 Build_STM32G431_Candlelight_WeActStudioV2/usb_lowlevel.o
                0x08002848                USBD_LL_OpenEP
 .text.USBD_LL_CloseEP
                0x08002868       0x1c Build_STM32G431_Candlelight_WeActStudioV2/usb_lowlevel.o
                0x08002868                USBD_LL_CloseEP
 .text.USBD_LL_StallEP
                0x08002884       0x1c Build_STM32G431_Candlelight_WeActStudioV2/usb_lowlevel.o
                0x08002884                USBD_LL_StallEP
 .text.USBD_LL_ClearStallEP
                0x080028a0       0x1c Build_STM32G431_Candlelight_WeActStudioV2/usb_lowlevel.o
                0x080028a0                USBD_LL_ClearStallEP
 .text.USBD_LL_IsStallEP
                0x080028bc       0x28 Build_STM32G431_Candlelight_WeActStudioV2/usb_lowlevel.o
                0x080028bc                USBD_LL_IsStallEP
 .text.USBD_LL_SetUSBAddress
                0x080028e4       0x1c Build_STM32G431_Candlelight_WeActStudioV2/usb_lowlevel.o
                0x080028e4                USBD_LL_SetUSBAddress
 .text.USBD_LL_Transmit
                0x08002900       0x20 Build_STM32G431_Candlelight_WeActStudioV2/usb_lowlevel.o
                0x08002900                USBD_LL_Transmit
 .text.USBD_LL_PrepareReceive
                0x08002920       0x20 Build_STM32G431_Candlelight_WeActStudioV2/usb_lowlevel.o
                0x08002920                USBD_LL_PrepareReceive
 .text.Reset_Handler
                0x08002940       0x50 Build_STM32G431_Candlelight_WeActStudioV2/startup_STM32G431.o
                0x08002940                Reset_Handler
 .text.Default_Handler
                0x08002990        0x2 Build_STM32G431_Candlelight_WeActStudioV2/startup_STM32G431.o
                0x08002990                RTC_Alarm_IRQHandler
                0x08002990                EXTI2_IRQHandler
                0x08002990                TIM8_TRG_COM_IRQHandler
                0x08002990                TIM8_CC_IRQHandler
                0x08002990                TIM1_CC_IRQHandler
                0x08002990                CORDIC_IRQHandler
                0x08002990                EXTI3_IRQHandler
                0x08002990                I2C3_ER_IRQHandler
                0x08002990                EXTI0_IRQHandler
                0x08002990                I2C2_EV_IRQHandler
                0x08002990                FPU_IRQHandler
                0x08002990                FDCAN1_IT1_IRQHandler
                0x08002990                TIM1_UP_TIM16_IRQHandler
                0x08002990                ADC1_2_IRQHandler
                0x08002990                SPI1_IRQHandler
                0x08002990                TIM6_DAC_IRQHandler
                0x08002990                TIM8_UP_IRQHandler
                0x08002990                DMA2_Channel2_IRQHandler
                0x08002990                DMA1_Channel4_IRQHandler
                0x08002990                USART3_IRQHandler
                0x08002990                TIM4_IRQHandler
                0x08002990                DMA2_Channel1_IRQHandler
                0x08002990                I2C1_EV_IRQHandler
                0x08002990                DMA1_Channel6_IRQHandler
                0x08002990                UART4_IRQHandler
                0x08002990                DMA2_Channel4_IRQHandler
                0x08002990                TIM3_IRQHandler
                0x08002990                RCC_IRQHandler
                0x08002990                DMA1_Channel1_IRQHandler
                0x08002990                Default_Handler
                0x08002990                RTC_TAMP_LSECSS_IRQHandler
                0x08002990                FMAC_IRQHandler
                0x08002990                EXTI15_10_IRQHandler
                0x08002990                TIM7_IRQHandler
                0x08002990                UCPD1_IRQHandler
                0x08002990                I2C3_EV_IRQHandler
                0x08002990                EXTI9_5_IRQHandler
                0x08002990                RTC_WKUP_IRQHandler
                0x08002990                PVD_PVM_IRQHandler
                0x08002990                SPI2_IRQHandler
                0x08002990                DMA2_Channel5_IRQHandler
                0x08002990                CRS_IRQHandler
                0x08002990                DMA1_Channel5_IRQHandler
                0x08002990                EXTI4_IRQHandler
                0x08002990                RNG_IRQHandler
                0x08002990                TIM1_TRG_COM_TIM17_IRQHandler
                0x08002990                DMA1_Channel3_IRQHandler
                0x08002990                WWDG_IRQHandler
                0x08002990                LPUART1_IRQHandler
                0x08002990                DMA2_Channel6_IRQHandler
                0x08002990                TIM2_IRQHandler
                0x08002990                COMP1_2_3_IRQHandler
                0x08002990                EXTI1_IRQHandler
                0x08002990                USART2_IRQHandler
                0x08002990                I2C2_ER_IRQHandler
                0x08002990                DMA1_Channel2_IRQHandler
                0x08002990                TIM8_BRK_IRQHandler
                0x08002990                FLASH_IRQHandler
                0x08002990                USART1_IRQHandler
                0x08002990                SPI3_IRQHandler
                0x08002990                I2C1_ER_IRQHandler
                0x08002990                LPTIM1_IRQHandler
                0x08002990                DMAMUX_OVR_IRQHandler
                0x08002990                USBWakeUp_IRQHandler
                0x08002990                SAI1_IRQHandler
                0x08002990                DMA2_Channel3_IRQHandler
                0x08002990                COMP4_IRQHandler
                0x08002990                TIM1_BRK_TIM15_IRQHandler
 *fill*         0x08002992        0x2 
 .text.control_init
                0x08002994      0x104 Build_STM32G431_Candlelight_WeActStudioV2/Candlelight/control.o
                0x08002994                control_init
 .text.control_setup_request
                0x08002a98      0x238 Build_STM32G431_Candlelight_WeActStudioV2/Candlelight/control.o
                0x08002a98                control_setup_request
 .text.control_setup_OUT_data
                0x08002cd0      0x314 Build_STM32G431_Candlelight_WeActStudioV2/Candlelight/control.o
                0x08002cd0                control_setup_OUT_data
 .text.control_process
                0x08002fe4       0x24 Build_STM32G431_Candlelight_WeActStudioV2/Candlelight/control.o
                0x08002fe4                control_process
 .text.control_report_busload
                0x08003008       0x48 Build_STM32G431_Candlelight_WeActStudioV2/Candlelight/control.o
                0x08003008                control_report_busload
 .text.control_send_debug_mesg
                0x08003050       0x84 Build_STM32G431_Candlelight_WeActStudioV2/Candlelight/control.o
                0x08003050                control_send_debug_mesg
 .text.buf_process_host.part.0
                0x080030d4      0x1e4 Build_STM32G431_Candlelight_WeActStudioV2/Candlelight/buffer.o
 .text.buf_init
                0x080032b8       0x90 Build_STM32G431_Candlelight_WeActStudioV2/Candlelight/buffer.o
                0x080032b8                buf_init
 .text.buf_clear_can_buffer
                0x08003348       0x7c Build_STM32G431_Candlelight_WeActStudioV2/Candlelight/buffer.o
                0x08003348                buf_clear_can_buffer
 .text.buf_store_tx_packet
                0x080033c4       0xe4 Build_STM32G431_Candlelight_WeActStudioV2/Candlelight/buffer.o
                0x080033c4                buf_store_tx_packet
 .text.buf_store_can_frame
                0x080034a8      0x104 Build_STM32G431_Candlelight_WeActStudioV2/Candlelight/buffer.o
                0x080034a8                buf_store_can_frame
 .text.buf_store_can_frame_blob
                0x080035ac      0x194 Build_STM32G431_Candlelight_WeActStudioV2/Candlelight/buffer.o
                0x080035ac                buf_store_can_frame_blob
 .text.buf_store_rx_packet
                0x08003740      0x188 Build_STM32G431_Candlelight_WeActStudioV2/Candlelight/buffer.o
                0x08003740                buf_store_rx_packet
 .text.buf_store_rx_packet_echo
                0x080038c8      0x184 Build_STM32G431_Candlelight_WeActStudioV2/Candlelight/buffer.o
                0x080038c8                buf_store_rx_packet_echo
 .text.buf_process
                0x08003a4c      0x150 Build_STM32G431_Candlelight_WeActStudioV2/Candlelight/buffer.o
                0x08003a4c                buf_process
 .text.buf_store_tx_echo
                0x08003b9c       0x9c Build_STM32G431_Candlelight_WeActStudioV2/Candlelight/buffer.o
                0x08003b9c                buf_store_tx_echo
 .text.buf_store_error
                0x08003c38      0x210 Build_STM32G431_Candlelight_WeActStudioV2/Candlelight/buffer.o
                0x08003c38                buf_store_error
 .text.buf_get_host_frame_locked
                0x08003e48       0x30 Build_STM32G431_Candlelight_WeActStudioV2/Candlelight/buffer.o
                0x08003e48                buf_get_host_frame_locked
 .text.buf_get_instance
                0x08003e78       0x10 Build_STM32G431_Candlelight_WeActStudioV2/Candlelight/buffer.o
                0x08003e78                buf_get_instance
 .text.USB_IRQ_Init
                0x08003e88       0x70 Build_STM32G431_Candlelight_WeActStudioV2/Candlelight/usb_class.o
                0x08003e88                USB_IRQ_Init
 .text.USB_IRQ_EP0_RxReady
                0x08003ef8        0xc Build_STM32G431_Candlelight_WeActStudioV2/Candlelight/usb_class.o
                0x08003ef8                USB_IRQ_EP0_RxReady
 .text.USB_IRQ_DataOut
                0x08003f04       0x44 Build_STM32G431_Candlelight_WeActStudioV2/Candlelight/usb_class.o
                0x08003f04                USB_IRQ_DataOut
 .text.USB_IRQ_DataIn
                0x08003f48       0x34 Build_STM32G431_Candlelight_WeActStudioV2/Candlelight/usb_class.o
                0x08003f48                USB_IRQ_DataIn
 .text.USB_IRQ_DeInit
                0x08003f7c       0x2c Build_STM32G431_Candlelight_WeActStudioV2/Candlelight/usb_class.o
                0x08003f7c                USB_IRQ_DeInit
 .text.USB_IRQ_Setup
                0x08003fa8       0x98 Build_STM32G431_Candlelight_WeActStudioV2/Candlelight/usb_class.o
                0x08003fa8                USB_IRQ_Setup
 .text.USBD_ConfigureEndpoints
                0x08004040       0x5c Build_STM32G431_Candlelight_WeActStudioV2/Candlelight/usb_class.o
                0x08004040                USBD_ConfigureEndpoints
 .text.USBD_GetUserStringDescr
                0x0800409c       0x38 Build_STM32G431_Candlelight_WeActStudioV2/Candlelight/usb_class.o
                0x0800409c                USBD_GetUserStringDescr
 .text.USBD_SetupStageRequest
                0x080040d4       0x90 Build_STM32G431_Candlelight_WeActStudioV2/Candlelight/usb_class.o
                0x080040d4                USBD_SetupStageRequest
 .text.USBD_SendInDataToHost
                0x08004164       0x50 Build_STM32G431_Candlelight_WeActStudioV2/Candlelight/usb_class.o
                0x08004164                USBD_SendInDataToHost
 .text.HAL_MspInit
                0x080041b4        0x4 Build_STM32G431_Candlelight_WeActStudioV2/STM32Cube\libstm32cube.a(stm32g4xx_hal.o)
                0x080041b4                HAL_MspInit
 .text.HAL_MspDeInit
                0x080041b8        0x4 Build_STM32G431_Candlelight_WeActStudioV2/STM32Cube\libstm32cube.a(stm32g4xx_hal.o)
                0x080041b8                HAL_MspDeInit
 .text.HAL_DeInit
                0x080041bc       0x2c Build_STM32G431_Candlelight_WeActStudioV2/STM32Cube\libstm32cube.a(stm32g4xx_hal.o)
                0x080041bc                HAL_DeInit
 .text.HAL_InitTick
                0x080041e8       0x4c Build_STM32G431_Candlelight_WeActStudioV2/STM32Cube\libstm32cube.a(stm32g4xx_hal.o)
                0x080041e8                HAL_InitTick
 .text.HAL_Init
                0x08004234       0x30 Build_STM32G431_Candlelight_WeActStudioV2/STM32Cube\libstm32cube.a(stm32g4xx_hal.o)
                0x08004234                HAL_Init
 .text.HAL_IncTick
                0x08004264       0x18 Build_STM32G431_Candlelight_WeActStudioV2/STM32Cube\libstm32cube.a(stm32g4xx_hal.o)
                0x08004264                HAL_IncTick
 .text.HAL_GetTick
                0x0800427c        0xc Build_STM32G431_Candlelight_WeActStudioV2/STM32Cube\libstm32cube.a(stm32g4xx_hal.o)
                0x0800427c                HAL_GetTick
 .text.HAL_Delay
                0x08004288       0x24 Build_STM32G431_Candlelight_WeActStudioV2/STM32Cube\libstm32cube.a(stm32g4xx_hal.o)
                0x08004288                HAL_Delay
 .text.HAL_GetHalVersion
                0x080042ac        0x8 Build_STM32G431_Candlelight_WeActStudioV2/STM32Cube\libstm32cube.a(stm32g4xx_hal.o)
                0x080042ac                HAL_GetHalVersion
 .text.HAL_GetDEVID
                0x080042b4       0x10 Build_STM32G431_Candlelight_WeActStudioV2/STM32Cube\libstm32cube.a(stm32g4xx_hal.o)
                0x080042b4                HAL_GetDEVID
 .text.HAL_NVIC_SetPriorityGrouping
                0x080042c4       0x24 Build_STM32G431_Candlelight_WeActStudioV2/STM32Cube\libstm32cube.a(stm32g4xx_hal_cortex.o)
                0x080042c4                HAL_NVIC_SetPriorityGrouping
 .text.HAL_NVIC_SetPriority
                0x080042e8       0x74 Build_STM32G431_Candlelight_WeActStudioV2/STM32Cube\libstm32cube.a(stm32g4xx_hal_cortex.o)
                0x080042e8                HAL_NVIC_SetPriority
 .text.HAL_NVIC_EnableIRQ
                0x0800435c       0x1c Build_STM32G431_Candlelight_WeActStudioV2/STM32Cube\libstm32cube.a(stm32g4xx_hal_cortex.o)
                0x0800435c                HAL_NVIC_EnableIRQ
 .text.HAL_SYSTICK_Config
                0x08004378       0x30 Build_STM32G431_Candlelight_WeActStudioV2/STM32Cube\libstm32cube.a(stm32g4xx_hal_cortex.o)
                0x08004378                HAL_SYSTICK_Config
 .text.HAL_SYSTICK_Callback
                0x080043a8        0x4 Build_STM32G431_Candlelight_WeActStudioV2/STM32Cube\libstm32cube.a(stm32g4xx_hal_cortex.o)
                0x080043a8                HAL_SYSTICK_Callback
 .text.HAL_SYSTICK_IRQHandler
                0x080043ac        0x8 Build_STM32G431_Candlelight_WeActStudioV2/STM32Cube\libstm32cube.a(stm32g4xx_hal_cortex.o)
                0x080043ac                HAL_SYSTICK_IRQHandler
 .text.HAL_FDCAN_MspInit
                0x080043b4        0x4 Build_STM32G431_Candlelight_WeActStudioV2/STM32Cube\libstm32cube.a(stm32g4xx_hal_fdcan.o)
                0x080043b4                HAL_FDCAN_MspInit
 .text.HAL_FDCAN_Init
                0x080043b8      0x1dc Build_STM32G431_Candlelight_WeActStudioV2/STM32Cube\libstm32cube.a(stm32g4xx_hal_fdcan.o)
                0x080043b8                HAL_FDCAN_Init
 .text.HAL_FDCAN_MspDeInit
                0x08004594        0x4 Build_STM32G431_Candlelight_WeActStudioV2/STM32Cube\libstm32cube.a(stm32g4xx_hal_fdcan.o)
                0x08004594                HAL_FDCAN_MspDeInit
 .text.HAL_FDCAN_DeInit
                0x08004598       0xfc Build_STM32G431_Candlelight_WeActStudioV2/STM32Cube\libstm32cube.a(stm32g4xx_hal_fdcan.o)
                0x08004598                HAL_FDCAN_DeInit
 .text.HAL_FDCAN_ConfigFilter
                0x08004694       0x58 Build_STM32G431_Candlelight_WeActStudioV2/STM32Cube\libstm32cube.a(stm32g4xx_hal_fdcan.o)
                0x08004694                HAL_FDCAN_ConfigFilter
 .text.HAL_FDCAN_ConfigGlobalFilter
                0x080046ec       0x44 Build_STM32G431_Candlelight_WeActStudioV2/STM32Cube\libstm32cube.a(stm32g4xx_hal_fdcan.o)
                0x080046ec                HAL_FDCAN_ConfigGlobalFilter
 .text.HAL_FDCAN_ConfigTimestampCounter
                0x08004730       0x28 Build_STM32G431_Candlelight_WeActStudioV2/STM32Cube\libstm32cube.a(stm32g4xx_hal_fdcan.o)
                0x08004730                HAL_FDCAN_ConfigTimestampCounter
 .text.HAL_FDCAN_EnableTimestampCounter
                0x08004758       0x28 Build_STM32G431_Candlelight_WeActStudioV2/STM32Cube\libstm32cube.a(stm32g4xx_hal_fdcan.o)
                0x08004758                HAL_FDCAN_EnableTimestampCounter
 .text.HAL_FDCAN_ConfigTxDelayCompensation
                0x08004780       0x24 Build_STM32G431_Candlelight_WeActStudioV2/STM32Cube\libstm32cube.a(stm32g4xx_hal_fdcan.o)
                0x08004780                HAL_FDCAN_ConfigTxDelayCompensation
 .text.HAL_FDCAN_EnableTxDelayCompensation
                0x080047a4       0x24 Build_STM32G431_Candlelight_WeActStudioV2/STM32Cube\libstm32cube.a(stm32g4xx_hal_fdcan.o)
                0x080047a4                HAL_FDCAN_EnableTxDelayCompensation
 .text.HAL_FDCAN_DisableTxDelayCompensation
                0x080047c8       0x24 Build_STM32G431_Candlelight_WeActStudioV2/STM32Cube\libstm32cube.a(stm32g4xx_hal_fdcan.o)
                0x080047c8                HAL_FDCAN_DisableTxDelayCompensation
 .text.HAL_FDCAN_Start
                0x080047ec       0x30 Build_STM32G431_Candlelight_WeActStudioV2/STM32Cube\libstm32cube.a(stm32g4xx_hal_fdcan.o)
                0x080047ec                HAL_FDCAN_Start
 .text.HAL_FDCAN_Stop
                0x0800481c       0xe0 Build_STM32G431_Candlelight_WeActStudioV2/STM32Cube\libstm32cube.a(stm32g4xx_hal_fdcan.o)
                0x0800481c                HAL_FDCAN_Stop
 .text.HAL_FDCAN_AddMessageToTxFifoQ
                0x080048fc       0xc4 Build_STM32G431_Candlelight_WeActStudioV2/STM32Cube\libstm32cube.a(stm32g4xx_hal_fdcan.o)
                0x080048fc                HAL_FDCAN_AddMessageToTxFifoQ
 .text.HAL_FDCAN_AbortTxRequest
                0x080049c0       0x20 Build_STM32G431_Candlelight_WeActStudioV2/STM32Cube\libstm32cube.a(stm32g4xx_hal_fdcan.o)
                0x080049c0                HAL_FDCAN_AbortTxRequest
 .text.HAL_FDCAN_GetRxMessage
                0x080049e0      0x130 Build_STM32G431_Candlelight_WeActStudioV2/STM32Cube\libstm32cube.a(stm32g4xx_hal_fdcan.o)
                0x080049e0                HAL_FDCAN_GetRxMessage
 .text.HAL_FDCAN_GetTxEvent
                0x08004b10       0xa0 Build_STM32G431_Candlelight_WeActStudioV2/STM32Cube\libstm32cube.a(stm32g4xx_hal_fdcan.o)
                0x08004b10                HAL_FDCAN_GetTxEvent
 .text.HAL_FDCAN_GetProtocolStatus
                0x08004bb0       0x50 Build_STM32G431_Candlelight_WeActStudioV2/STM32Cube\libstm32cube.a(stm32g4xx_hal_fdcan.o)
                0x08004bb0                HAL_FDCAN_GetProtocolStatus
 .text.HAL_FDCAN_GetErrorCounters
                0x08004c00       0x24 Build_STM32G431_Candlelight_WeActStudioV2/STM32Cube\libstm32cube.a(stm32g4xx_hal_fdcan.o)
                0x08004c00                HAL_FDCAN_GetErrorCounters
 .text.HAL_FDCAN_GetTxFifoFreeLevel
                0x08004c24        0xc Build_STM32G431_Candlelight_WeActStudioV2/STM32Cube\libstm32cube.a(stm32g4xx_hal_fdcan.o)
                0x08004c24                HAL_FDCAN_GetTxFifoFreeLevel
 .text.HAL_FDCAN_ConfigInterruptLines
                0x08004c30       0x2c Build_STM32G431_Candlelight_WeActStudioV2/STM32Cube\libstm32cube.a(stm32g4xx_hal_fdcan.o)
                0x08004c30                HAL_FDCAN_ConfigInterruptLines
 .text.HAL_FDCAN_ActivateNotification
                0x08004c5c       0xf8 Build_STM32G431_Candlelight_WeActStudioV2/STM32Cube\libstm32cube.a(stm32g4xx_hal_fdcan.o)
                0x08004c5c                HAL_FDCAN_ActivateNotification
 .text.HAL_FDCAN_TxEventFifoCallback
                0x08004d54        0x4 Build_STM32G431_Candlelight_WeActStudioV2/STM32Cube\libstm32cube.a(stm32g4xx_hal_fdcan.o)
                0x08004d54                HAL_FDCAN_TxEventFifoCallback
 .text.HAL_FDCAN_RxFifo0Callback
                0x08004d58        0x4 Build_STM32G431_Candlelight_WeActStudioV2/STM32Cube\libstm32cube.a(stm32g4xx_hal_fdcan.o)
                0x08004d58                HAL_FDCAN_RxFifo0Callback
 .text.HAL_FDCAN_RxFifo1Callback
                0x08004d5c        0x4 Build_STM32G431_Candlelight_WeActStudioV2/STM32Cube\libstm32cube.a(stm32g4xx_hal_fdcan.o)
                0x08004d5c                HAL_FDCAN_RxFifo1Callback
 .text.HAL_FDCAN_TxFifoEmptyCallback
                0x08004d60        0x4 Build_STM32G431_Candlelight_WeActStudioV2/STM32Cube\libstm32cube.a(stm32g4xx_hal_fdcan.o)
                0x08004d60                HAL_FDCAN_TxFifoEmptyCallback
 .text.HAL_FDCAN_TxBufferCompleteCallback
                0x08004d64        0x4 Build_STM32G431_Candlelight_WeActStudioV2/STM32Cube\libstm32cube.a(stm32g4xx_hal_fdcan.o)
                0x08004d64                HAL_FDCAN_TxBufferCompleteCallback
 .text.HAL_FDCAN_TxBufferAbortCallback
                0x08004d68        0x4 Build_STM32G431_Candlelight_WeActStudioV2/STM32Cube\libstm32cube.a(stm32g4xx_hal_fdcan.o)
                0x08004d68                HAL_FDCAN_TxBufferAbortCallback
 .text.HAL_FDCAN_TimeoutOccurredCallback
                0x08004d6c        0x4 Build_STM32G431_Candlelight_WeActStudioV2/STM32Cube\libstm32cube.a(stm32g4xx_hal_fdcan.o)
                0x08004d6c                HAL_FDCAN_TimeoutOccurredCallback
 .text.HAL_FDCAN_HighPriorityMessageCallback
                0x08004d70        0x4 Build_STM32G431_Candlelight_WeActStudioV2/STM32Cube\libstm32cube.a(stm32g4xx_hal_fdcan.o)
                0x08004d70                HAL_FDCAN_HighPriorityMessageCallback
 .text.HAL_FDCAN_ErrorCallback
                0x08004d74        0x4 Build_STM32G431_Candlelight_WeActStudioV2/STM32Cube\libstm32cube.a(stm32g4xx_hal_fdcan.o)
                0x08004d74                HAL_FDCAN_ErrorCallback
 .text.HAL_FDCAN_ErrorStatusCallback
                0x08004d78        0x4 Build_STM32G431_Candlelight_WeActStudioV2/STM32Cube\libstm32cube.a(stm32g4xx_hal_fdcan.o)
                0x08004d78                HAL_FDCAN_ErrorStatusCallback
 .text.HAL_FDCAN_IRQHandler
                0x08004d7c      0x188 Build_STM32G431_Candlelight_WeActStudioV2/STM32Cube\libstm32cube.a(stm32g4xx_hal_fdcan.o)
                0x08004d7c                HAL_FDCAN_IRQHandler
 .text.HAL_FLASH_Program
                0x08004f04      0x16c Build_STM32G431_Candlelight_WeActStudioV2/STM32Cube\libstm32cube.a(stm32g4xx_hal_flash.o)
                0x08004f04                HAL_FLASH_Program
 .text.HAL_FLASH_Unlock
                0x08005070       0x28 Build_STM32G431_Candlelight_WeActStudioV2/STM32Cube\libstm32cube.a(stm32g4xx_hal_flash.o)
                0x08005070                HAL_FLASH_Unlock
 .text.HAL_FLASH_Lock
                0x08005098       0x18 Build_STM32G431_Candlelight_WeActStudioV2/STM32Cube\libstm32cube.a(stm32g4xx_hal_flash.o)
                0x08005098                HAL_FLASH_Lock
 .text.HAL_FLASH_OB_Unlock
                0x080050b0       0x28 Build_STM32G431_Candlelight_WeActStudioV2/STM32Cube\libstm32cube.a(stm32g4xx_hal_flash.o)
                0x080050b0                HAL_FLASH_OB_Unlock
 .text.HAL_FLASH_OB_Lock
                0x080050d8       0x1c Build_STM32G431_Candlelight_WeActStudioV2/STM32Cube\libstm32cube.a(stm32g4xx_hal_flash.o)
                0x080050d8                HAL_FLASH_OB_Lock
 .text.FLASH_WaitForLastOperation
                0x080050f4       0x50 Build_STM32G431_Candlelight_WeActStudioV2/STM32Cube\libstm32cube.a(stm32g4xx_hal_flash.o)
                0x080050f4                FLASH_WaitForLastOperation
 .text.HAL_FLASHEx_Erase
                0x08005144      0x15c Build_STM32G431_Candlelight_WeActStudioV2/STM32Cube\libstm32cube.a(stm32g4xx_hal_flash_ex.o)
                0x08005144                HAL_FLASHEx_Erase
 .text.HAL_FLASHEx_OBProgram
                0x080052a0      0x2fc Build_STM32G431_Candlelight_WeActStudioV2/STM32Cube\libstm32cube.a(stm32g4xx_hal_flash_ex.o)
                0x080052a0                HAL_FLASHEx_OBProgram
 .text.HAL_FLASHEx_OBGetConfig
                0x0800559c       0xb8 Build_STM32G431_Candlelight_WeActStudioV2/STM32Cube\libstm32cube.a(stm32g4xx_hal_flash_ex.o)
                0x0800559c                HAL_FLASHEx_OBGetConfig
 .text.FLASH_FlushCaches
                0x08005654       0x60 Build_STM32G431_Candlelight_WeActStudioV2/STM32Cube\libstm32cube.a(stm32g4xx_hal_flash_ex.o)
                0x08005654                FLASH_FlushCaches
 .text.HAL_GPIO_Init
                0x080056b4      0x3a0 Build_STM32G431_Candlelight_WeActStudioV2/STM32Cube\libstm32cube.a(stm32g4xx_hal_gpio.o)
                0x080056b4                HAL_GPIO_Init
 .text.HAL_GPIO_WritePin
                0x08005a54        0xc Build_STM32G431_Candlelight_WeActStudioV2/STM32Cube\libstm32cube.a(stm32g4xx_hal_gpio.o)
                0x08005a54                HAL_GPIO_WritePin
 .text.HAL_PCD_Init
                0x08005a60      0x1d4 Build_STM32G431_Candlelight_WeActStudioV2/STM32Cube\libstm32cube.a(stm32g4xx_hal_pcd.o)
                0x08005a60                HAL_PCD_Init
 .text.HAL_PCD_Start
                0x08005c34       0x2c Build_STM32G431_Candlelight_WeActStudioV2/STM32Cube\libstm32cube.a(stm32g4xx_hal_pcd.o)
                0x08005c34                HAL_PCD_Start
 .text.HAL_PCD_IRQHandler
                0x08005c60      0xb00 Build_STM32G431_Candlelight_WeActStudioV2/STM32Cube\libstm32cube.a(stm32g4xx_hal_pcd.o)
                0x08005c60                HAL_PCD_IRQHandler
 .text.HAL_PCD_SetAddress
                0x08006760       0x28 Build_STM32G431_Candlelight_WeActStudioV2/STM32Cube\libstm32cube.a(stm32g4xx_hal_pcd.o)
                0x08006760                HAL_PCD_SetAddress
 .text.HAL_PCD_EP_Open
                0x08006788       0x6c Build_STM32G431_Candlelight_WeActStudioV2/STM32Cube\libstm32cube.a(stm32g4xx_hal_pcd.o)
                0x08006788                HAL_PCD_EP_Open
 .text.HAL_PCD_EP_Close
                0x080067f4       0x5c Build_STM32G431_Candlelight_WeActStudioV2/STM32Cube\libstm32cube.a(stm32g4xx_hal_pcd.o)
                0x080067f4                HAL_PCD_EP_Close
 .text.HAL_PCD_EP_Receive
                0x08006850       0x30 Build_STM32G431_Candlelight_WeActStudioV2/STM32Cube\libstm32cube.a(stm32g4xx_hal_pcd.o)
                0x08006850                HAL_PCD_EP_Receive
 .text.HAL_PCD_EP_Transmit
                0x08006880       0x3c Build_STM32G431_Candlelight_WeActStudioV2/STM32Cube\libstm32cube.a(stm32g4xx_hal_pcd.o)
                0x08006880                HAL_PCD_EP_Transmit
 .text.HAL_PCD_EP_SetStall
                0x080068bc       0x70 Build_STM32G431_Candlelight_WeActStudioV2/STM32Cube\libstm32cube.a(stm32g4xx_hal_pcd.o)
                0x080068bc                HAL_PCD_EP_SetStall
 .text.HAL_PCD_EP_ClrStall
                0x0800692c       0x6c Build_STM32G431_Candlelight_WeActStudioV2/STM32Cube\libstm32cube.a(stm32g4xx_hal_pcd.o)
                0x0800692c                HAL_PCD_EP_ClrStall
 .text.HAL_PCDEx_PMAConfig
                0x08006998       0x3c Build_STM32G431_Candlelight_WeActStudioV2/STM32Cube\libstm32cube.a(stm32g4xx_hal_pcd_ex.o)
                0x08006998                HAL_PCDEx_PMAConfig
 .text.HAL_PCDEx_ActivateLPM
                0x080069d4       0x30 Build_STM32G431_Candlelight_WeActStudioV2/STM32Cube\libstm32cube.a(stm32g4xx_hal_pcd_ex.o)
                0x080069d4                HAL_PCDEx_ActivateLPM
 .text.HAL_PCDEx_LPM_Callback
                0x08006a04        0x4 Build_STM32G431_Candlelight_WeActStudioV2/STM32Cube\libstm32cube.a(stm32g4xx_hal_pcd_ex.o)
                0x08006a04                HAL_PCDEx_LPM_Callback
 .text.HAL_PWREx_ControlVoltageScaling
                0x08006a08       0xe4 Build_STM32G431_Candlelight_WeActStudioV2/STM32Cube\libstm32cube.a(stm32g4xx_hal_pwr_ex.o)
                0x08006a08                HAL_PWREx_ControlVoltageScaling
 .text.HAL_RCC_DeInit
                0x08006aec       0xc0 Build_STM32G431_Candlelight_WeActStudioV2/STM32Cube\libstm32cube.a(stm32g4xx_hal_rcc.o)
                0x08006aec                HAL_RCC_DeInit
 .text.HAL_RCC_OscConfig
                0x08006bac      0x484 Build_STM32G431_Candlelight_WeActStudioV2/STM32Cube\libstm32cube.a(stm32g4xx_hal_rcc.o)
                0x08006bac                HAL_RCC_OscConfig
 .text.HAL_RCC_GetSysClockFreq
                0x08007030       0x5c Build_STM32G431_Candlelight_WeActStudioV2/STM32Cube\libstm32cube.a(stm32g4xx_hal_rcc.o)
                0x08007030                HAL_RCC_GetSysClockFreq
 .text.HAL_RCC_ClockConfig
                0x0800708c      0x1f8 Build_STM32G431_Candlelight_WeActStudioV2/STM32Cube\libstm32cube.a(stm32g4xx_hal_rcc.o)
                0x0800708c                HAL_RCC_ClockConfig
 .text.HAL_RCC_GetPCLK1Freq
                0x08007284       0x24 Build_STM32G431_Candlelight_WeActStudioV2/STM32Cube\libstm32cube.a(stm32g4xx_hal_rcc.o)
                0x08007284                HAL_RCC_GetPCLK1Freq
 .text.HAL_RCC_GetPCLK2Freq
                0x080072a8       0x24 Build_STM32G431_Candlelight_WeActStudioV2/STM32Cube\libstm32cube.a(stm32g4xx_hal_rcc.o)
                0x080072a8                HAL_RCC_GetPCLK2Freq
 .text.HAL_RCCEx_PeriphCLKConfig
                0x080072cc      0x2a0 Build_STM32G431_Candlelight_WeActStudioV2/STM32Cube\libstm32cube.a(stm32g4xx_hal_rcc_ex.o)
                0x080072cc                HAL_RCCEx_PeriphCLKConfig
 .text.HAL_RCCEx_GetPeriphCLKFreq
                0x0800756c      0x42c Build_STM32G431_Candlelight_WeActStudioV2/STM32Cube\libstm32cube.a(stm32g4xx_hal_rcc_ex.o)
                0x0800756c                HAL_RCCEx_GetPeriphCLKFreq
 .text.HAL_RCCEx_CRSConfig
                0x08007998       0x50 Build_STM32G431_Candlelight_WeActStudioV2/STM32Cube\libstm32cube.a(stm32g4xx_hal_rcc_ex.o)
                0x08007998                HAL_RCCEx_CRSConfig
 .text.HAL_TIM_Base_MspInit
                0x080079e8        0x4 Build_STM32G431_Candlelight_WeActStudioV2/STM32Cube\libstm32cube.a(stm32g4xx_hal_tim.o)
                0x080079e8                HAL_TIM_Base_MspInit
 .text.HAL_TIM_Base_Init
                0x080079ec       0xfc Build_STM32G431_Candlelight_WeActStudioV2/STM32Cube\libstm32cube.a(stm32g4xx_hal_tim.o)
                0x080079ec                HAL_TIM_Base_Init
 .text.HAL_TIM_Base_Start_IT
                0x08007ae8       0x70 Build_STM32G431_Candlelight_WeActStudioV2/STM32Cube\libstm32cube.a(stm32g4xx_hal_tim.o)
                0x08007ae8                HAL_TIM_Base_Start_IT
 .text.USB_EnableGlobalInt
                0x08007b58       0x14 Build_STM32G431_Candlelight_WeActStudioV2/STM32Cube\libstm32cube.a(stm32g4xx_ll_usb.o)
                0x08007b58                USB_EnableGlobalInt
 .text.USB_DisableGlobalInt
                0x08007b6c       0x14 Build_STM32G431_Candlelight_WeActStudioV2/STM32Cube\libstm32cube.a(stm32g4xx_ll_usb.o)
                0x08007b6c                USB_DisableGlobalInt
 .text.USB_DevInit
                0x08007b80       0x28 Build_STM32G431_Candlelight_WeActStudioV2/STM32Cube\libstm32cube.a(stm32g4xx_ll_usb.o)
                0x08007b80                USB_DevInit
 .text.USB_ActivateEndpoint
                0x08007ba8      0x458 Build_STM32G431_Candlelight_WeActStudioV2/STM32Cube\libstm32cube.a(stm32g4xx_ll_usb.o)
                0x08007ba8                USB_ActivateEndpoint
 .text.USB_DeactivateEndpoint
                0x08008000      0x1c4 Build_STM32G431_Candlelight_WeActStudioV2/STM32Cube\libstm32cube.a(stm32g4xx_ll_usb.o)
                0x08008000                USB_DeactivateEndpoint
 .text.USB_EPStartXfer
                0x080081c4      0x358 Build_STM32G431_Candlelight_WeActStudioV2/STM32Cube\libstm32cube.a(stm32g4xx_ll_usb.o)
                0x080081c4                USB_EPStartXfer
 .text.USB_EPSetStall
                0x0800851c       0x50 Build_STM32G431_Candlelight_WeActStudioV2/STM32Cube\libstm32cube.a(stm32g4xx_ll_usb.o)
                0x0800851c                USB_EPSetStall
 .text.USB_EPClearStall
                0x0800856c       0x9c Build_STM32G431_Candlelight_WeActStudioV2/STM32Cube\libstm32cube.a(stm32g4xx_ll_usb.o)
                0x0800856c                USB_EPClearStall
 .text.USB_SetDevAddress
                0x08008608        0xc Build_STM32G431_Candlelight_WeActStudioV2/STM32Cube\libstm32cube.a(stm32g4xx_ll_usb.o)
                0x08008608                USB_SetDevAddress
 .text.USB_DevConnect
                0x08008614       0x18 Build_STM32G431_Candlelight_WeActStudioV2/STM32Cube\libstm32cube.a(stm32g4xx_ll_usb.o)
                0x08008614                USB_DevConnect
 .text.USB_ReadInterrupts
                0x0800862c        0x8 Build_STM32G431_Candlelight_WeActStudioV2/STM32Cube\libstm32cube.a(stm32g4xx_ll_usb.o)
                0x0800862c                USB_ReadInterrupts
 .text.USB_WritePMA
                0x08008634       0x20 Build_STM32G431_Candlelight_WeActStudioV2/STM32Cube\libstm32cube.a(stm32g4xx_ll_usb.o)
                0x08008634                USB_WritePMA
 .text.USB_ReadPMA
                0x08008654       0x4c Build_STM32G431_Candlelight_WeActStudioV2/STM32Cube\libstm32cube.a(stm32g4xx_ll_usb.o)
                0x08008654                USB_ReadPMA
 .text.sprintf  0x080086a0       0x44 C:/ST/STM32CubeIDE_2.1.1/STM32CubeIDE/plugins/com.st.stm32cube.ide.mcu.externaltools.gnu-tools-for-stm32.14.3.rel1.win32_1.0.100.202602081740/tools/bin/../lib/gcc/arm-none-eabi/14.3.1/../../../../arm-none-eabi/lib/thumb/v7e-m/nofp\libc_nano.a(libc_a-sprintf.o)
                0x080086a0                siprintf
                0x080086a0                sprintf
 .text.memcmp   0x080086e4       0x20 C:/ST/STM32CubeIDE_2.1.1/STM32CubeIDE/plugins/com.st.stm32cube.ide.mcu.externaltools.gnu-tools-for-stm32.14.3.rel1.win32_1.0.100.202602081740/tools/bin/../lib/gcc/arm-none-eabi/14.3.1/../../../../arm-none-eabi/lib/thumb/v7e-m/nofp\libc_nano.a(libc_a-memcmp.o)
                0x080086e4                memcmp
 .text.memmove  0x08008704       0x32 C:/ST/STM32CubeIDE_2.1.1/STM32CubeIDE/plugins/com.st.stm32cube.ide.mcu.externaltools.gnu-tools-for-stm32.14.3.rel1.win32_1.0.100.202602081740/tools/bin/../lib/gcc/arm-none-eabi/14.3.1/../../../../arm-none-eabi/lib/thumb/v7e-m/nofp\libc_nano.a(libc_a-memmove.o)
                0x08008704                memmove
 .text.memset   0x08008736       0x10 C:/ST/STM32CubeIDE_2.1.1/STM32CubeIDE/plugins/com.st.stm32cube.ide.mcu.externaltools.gnu-tools-for-stm32.14.3.rel1.win32_1.0.100.202602081740/tools/bin/../lib/gcc/arm-none-eabi/14.3.1/../../../../arm-none-eabi/lib/thumb/v7e-m/nofp\libc_nano.a(libc_a-memset.o)
                0x08008736                memset
 *fill*         0x08008746        0x2 
 .text.__libc_init_array
                0x08008748       0x48 C:/ST/STM32CubeIDE_2.1.1/STM32CubeIDE/plugins/com.st.stm32cube.ide.mcu.externaltools.gnu-tools-for-stm32.14.3.rel1.win32_1.0.100.202602081740/tools/bin/../lib/gcc/arm-none-eabi/14.3.1/../../../../arm-none-eabi/lib/thumb/v7e-m/nofp\libc_nano.a(libc_a-init.o)
                0x08008748                __libc_init_array
 .text.__retarget_lock_acquire_recursive
                0x08008790        0x2 C:/ST/STM32CubeIDE_2.1.1/STM32CubeIDE/plugins/com.st.stm32cube.ide.mcu.externaltools.gnu-tools-for-stm32.14.3.rel1.win32_1.0.100.202602081740/tools/bin/../lib/gcc/arm-none-eabi/14.3.1/../../../../arm-none-eabi/lib/thumb/v7e-m/nofp\libc_nano.a(libc_a-lock.o)
                0x08008790                __retarget_lock_acquire_recursive
 .text.__retarget_lock_release_recursive
                0x08008792        0x2 C:/ST/STM32CubeIDE_2.1.1/STM32CubeIDE/plugins/com.st.stm32cube.ide.mcu.externaltools.gnu-tools-for-stm32.14.3.rel1.win32_1.0.100.202602081740/tools/bin/../lib/gcc/arm-none-eabi/14.3.1/../../../../arm-none-eabi/lib/thumb/v7e-m/nofp\libc_nano.a(libc_a-lock.o)
                0x08008792                __retarget_lock_release_recursive
 .text.strcpy   0x08008794       0x10 C:/ST/STM32CubeIDE_2.1.1/STM32CubeIDE/plugins/com.st.stm32cube.ide.mcu.externaltools.gnu-tools-for-stm32.14.3.rel1.win32_1.0.100.202602081740/tools/bin/../lib/gcc/arm-none-eabi/14.3.1/../../../../arm-none-eabi/lib/thumb/v7e-m/nofp\libc_nano.a(libc_a-strcpy.o)
                0x08008794                strcpy
 .text.memcpy   0x080087a4       0x1c C:/ST/STM32CubeIDE_2.1.1/STM32CubeIDE/plugins/com.st.stm32cube.ide.mcu.externaltools.gnu-tools-for-stm32.14.3.rel1.win32_1.0.100.202602081740/tools/bin/../lib/gcc/arm-none-eabi/14.3.1/../../../../arm-none-eabi/lib/thumb/v7e-m/nofp\libc_nano.a(libc_a-memcpy-stub.o)
                0x080087a4                memcpy
 .text._free_r  0x080087c0       0x94 C:/ST/STM32CubeIDE_2.1.1/STM32CubeIDE/plugins/com.st.stm32cube.ide.mcu.externaltools.gnu-tools-for-stm32.14.3.rel1.win32_1.0.100.202602081740/tools/bin/../lib/gcc/arm-none-eabi/14.3.1/../../../../arm-none-eabi/lib/thumb/v7e-m/nofp\libc_nano.a(libc_a-freer.o)
                0x080087c0                _free_r
 .text.sbrk_aligned
                0x08008854       0x44 C:/ST/STM32CubeIDE_2.1.1/STM32CubeIDE/plugins/com.st.stm32cube.ide.mcu.externaltools.gnu-tools-for-stm32.14.3.rel1.win32_1.0.100.202602081740/tools/bin/../lib/gcc/arm-none-eabi/14.3.1/../../../../arm-none-eabi/lib/thumb/v7e-m/nofp\libc_nano.a(libc_a-mallocr.o)
 .text._malloc_r
                0x08008898      0x100 C:/ST/STM32CubeIDE_2.1.1/STM32CubeIDE/plugins/com.st.stm32cube.ide.mcu.externaltools.gnu-tools-for-stm32.14.3.rel1.win32_1.0.100.202602081740/tools/bin/../lib/gcc/arm-none-eabi/14.3.1/../../../../arm-none-eabi/lib/thumb/v7e-m/nofp\libc_nano.a(libc_a-mallocr.o)
                0x08008898                _malloc_r
 .text.__malloc_lock
                0x08008998        0xc C:/ST/STM32CubeIDE_2.1.1/STM32CubeIDE/plugins/com.st.stm32cube.ide.mcu.externaltools.gnu-tools-for-stm32.14.3.rel1.win32_1.0.100.202602081740/tools/bin/../lib/gcc/arm-none-eabi/14.3.1/../../../../arm-none-eabi/lib/thumb/v7e-m/nofp\libc_nano.a(libc_a-mlock.o)
                0x08008998                __malloc_lock
 .text.__malloc_unlock
                0x080089a4        0xc C:/ST/STM32CubeIDE_2.1.1/STM32CubeIDE/plugins/com.st.stm32cube.ide.mcu.externaltools.gnu-tools-for-stm32.14.3.rel1.win32_1.0.100.202602081740/tools/bin/../lib/gcc/arm-none-eabi/14.3.1/../../../../arm-none-eabi/lib/thumb/v7e-m/nofp\libc_nano.a(libc_a-mlock.o)
                0x080089a4                __malloc_unlock
 .text.__ssputs_r
                0x080089b0       0xc0 C:/ST/STM32CubeIDE_2.1.1/STM32CubeIDE/plugins/com.st.stm32cube.ide.mcu.externaltools.gnu-tools-for-stm32.14.3.rel1.win32_1.0.100.202602081740/tools/bin/../lib/gcc/arm-none-eabi/14.3.1/../../../../arm-none-eabi/lib/thumb/v7e-m/nofp\libc_nano.a(libc_a-nano-svfprintf.o)
                0x080089b0                __ssputs_r
 .text._svfprintf_r
                0x08008a70      0x1f0 C:/ST/STM32CubeIDE_2.1.1/STM32CubeIDE/plugins/com.st.stm32cube.ide.mcu.externaltools.gnu-tools-for-stm32.14.3.rel1.win32_1.0.100.202602081740/tools/bin/../lib/gcc/arm-none-eabi/14.3.1/../../../../arm-none-eabi/lib/thumb/v7e-m/nofp\libc_nano.a(libc_a-nano-svfprintf.o)
                0x08008a70                _svfiprintf_r
                0x08008a70                _svfprintf_r
 .text._printf_common
                0x08008c60       0xda C:/ST/STM32CubeIDE_2.1.1/STM32CubeIDE/plugins/com.st.stm32cube.ide.mcu.externaltools.gnu-tools-for-stm32.14.3.rel1.win32_1.0.100.202602081740/tools/bin/../lib/gcc/arm-none-eabi/14.3.1/../../../../arm-none-eabi/lib/thumb/v7e-m/nofp\libc_nano.a(libc_a-nano-vfprintf_i.o)
                0x08008c60                _printf_common
 *fill*         0x08008d3a        0x2 
 .text._printf_i
                0x08008d3c      0x24c C:/ST/STM32CubeIDE_2.1.1/STM32CubeIDE/plugins/com.st.stm32cube.ide.mcu.externaltools.gnu-tools-for-stm32.14.3.rel1.win32_1.0.100.202602081740/tools/bin/../lib/gcc/arm-none-eabi/14.3.1/../../../../arm-none-eabi/lib/thumb/v7e-m/nofp\libc_nano.a(libc_a-nano-vfprintf_i.o)
                0x08008d3c                _printf_i
 .text._sbrk_r  0x08008f88       0x20 C:/ST/STM32CubeIDE_2.1.1/STM32CubeIDE/plugins/com.st.stm32cube.ide.mcu.externaltools.gnu-tools-for-stm32.14.3.rel1.win32_1.0.100.202602081740/tools/bin/../lib/gcc/arm-none-eabi/14.3.1/../../../../arm-none-eabi/lib/thumb/v7e-m/nofp\libc_nano.a(libc_a-sbrkr.o)
                0x08008f88                _sbrk_r
 .text._realloc_r
                0x08008fa8       0x5c C:/ST/STM32CubeIDE_2.1.1/STM32CubeIDE/plugins/com.st.stm32cube.ide.mcu.externaltools.gnu-tools-for-stm32.14.3.rel1.win32_1.0.100.202602081740/tools/bin/../lib/gcc/arm-none-eabi/14.3.1/../../../../arm-none-eabi/lib/thumb/v7e-m/nofp\libc_nano.a(libc_a-reallocr.o)
                0x08008fa8                _realloc_r
 .text._malloc_usable_size_r
                0x08009004       0x10 C:/ST/STM32CubeIDE_2.1.1/STM32CubeIDE/plugins/com.st.stm32cube.ide.mcu.externaltools.gnu-tools-for-stm32.14.3.rel1.win32_1.0.100.202602081740/tools/bin/../lib/gcc/arm-none-eabi/14.3.1/../../../../arm-none-eabi/lib/thumb/v7e-m/nofp\libc_nano.a(libc_a-msizer.o)
                0x08009004                _malloc_usable_size_r
 .text._sbrk    0x08009014       0x1c C:/ST/STM32CubeIDE_2.1.1/STM32CubeIDE/plugins/com.st.stm32cube.ide.mcu.externaltools.gnu-tools-for-stm32.14.3.rel1.win32_1.0.100.202602081740/tools/bin/../lib/gcc/arm-none-eabi/14.3.1/../../../../arm-none-eabi/lib/thumb/v7e-m/nofp\libnosys.a(sbrk.o)
                0x08009014                _sbrk
 *(.glue_7)
 .glue_7        0x08009030        0x0 linker stubs
 *(.glue_7t)
 .glue_7t       0x08009030        0x0 linker stubs
 *(.eh_frame)
 .eh_frame      0x08009030        0x0 C:/ST/STM32CubeIDE_2.1.1/STM32CubeIDE/plugins/com.st.stm32cube.ide.mcu.externaltools.gnu-tools-for-stm32.14.3.rel1.win32_1.0.100.202602081740/tools/bin/../lib/gcc/arm-none-eabi/14.3.1/thumb/v7e-m/nofp/crtbegin.o
 *(.init)
 .init          0x08009030        0x4 C:/ST/STM32CubeIDE_2.1.1/STM32CubeIDE/plugins/com.st.stm32cube.ide.mcu.externaltools.gnu-tools-for-stm32.14.3.rel1.win32_1.0.100.202602081740/tools/bin/../lib/gcc/arm-none-eabi/14.3.1/thumb/v7e-m/nofp/crti.o
                0x08009030                _init
 .init          0x08009034        0x8 C:/ST/STM32CubeIDE_2.1.1/STM32CubeIDE/plugins/com.st.stm32cube.ide.mcu.externaltools.gnu-tools-for-stm32.14.3.rel1.win32_1.0.100.202602081740/tools/bin/../lib/gcc/arm-none-eabi/14.3.1/thumb/v7e-m/nofp/crtn.o
 *(.fini)
 .fini          0x0800903c        0x4 C:/ST/STM32CubeIDE_2.1.1/STM32CubeIDE/plugins/com.st.stm32cube.ide.mcu.externaltools.gnu-tools-for-stm32.14.3.rel1.win32_1.0.100.202602081740/tools/bin/../lib/gcc/arm-none-eabi/14.3.1/thumb/v7e-m/nofp/crti.o
                0x0800903c                _fini
 .fini          0x08009040        0x8 C:/ST/STM32CubeIDE_2.1.1/STM32CubeIDE/plugins/com.st.stm32cube.ide.mcu.externaltools.gnu-tools-for-stm32.14.3.rel1.win32_1.0.100.202602081740/tools/bin/../lib/gcc/arm-none-eabi/14.3.1/thumb/v7e-m/nofp/crtn.o
                0x08009048                        . = ALIGN (0x4)
                0x08009048                        _etext = .

.vfp11_veneer   0x08009048        0x0
 .vfp11_veneer  0x08009048        0x0 linker stubs

.v4_bx          0x08009048        0x0
 .v4_bx         0x08009048        0x0 linker stubs

.iplt           0x08009048        0x0
 .iplt          0x08009048        0x0 C:/ST/STM32CubeIDE_2.1.1/STM32CubeIDE/plugins/com.st.stm32cube.ide.mcu.externaltools.gnu-tools-for-stm32.14.3.rel1.win32_1.0.100.202602081740/tools/bin/../lib/gcc/arm-none-eabi/14.3.1/thumb/v7e-m/nofp/crtbegin.o

.rodata         0x08009048      0x260
                0x08009048                        . = ALIGN (0x4)
 *(.rodata)
 *(.rodata*)
 .rodata.APBPrescTable
                0x08009048        0x8 Build_STM32G431_Candlelight_WeActStudioV2/system_STM32G4xx.o
                0x08009048                APBPrescTable
 .rodata.AHBPrescTable
                0x08009050       0x10 Build_STM32G431_Candlelight_WeActStudioV2/system_STM32G4xx.o
                0x08009050                AHBPrescTable
 .rodata.can_recover_bus_off.str1.4
                0x08009060      0x1e9 Build_STM32G431_Candlelight_WeActStudioV2/can.o
                                 0x47 (size before relaxing)
 .rodata.can_print_info.str1.4
                0x08009249       0x46 Build_STM32G431_Candlelight_WeActStudioV2/can.o
 .rodata.can_process.str1.4
                0x08009249       0x28 Build_STM32G431_Candlelight_WeActStudioV2/can.o
 .rodata.str1.4
                0x08009249       0x3e Build_STM32G431_Candlelight_WeActStudioV2/can.o
 *fill*         0x08009249        0x3 
 .rodata.CSWTCH.34
                0x0800924c       0x10 Build_STM32G431_Candlelight_WeActStudioV2/can.o
 .rodata.utils_format_bitrate.str1.4
                0x0800925c       0x3a Build_STM32G431_Candlelight_WeActStudioV2/utils.o
 .rodata.CSWTCH.18
                0x0800925c        0x7 Build_STM32G431_Candlelight_WeActStudioV2/utils.o
 .rodata.USBD_StdDevReq.str1.4
                0x08009263       0x4d Build_STM32G431_Candlelight_WeActStudioV2/usb_ctrlreq.o
 .rodata.control_init.str1.4
                0x08009263       0x1a Build_STM32G431_Candlelight_WeActStudioV2/Candlelight/control.o
 .rodata.control_send_debug_mesg.str1.4
                0x08009263       0x15 Build_STM32G431_Candlelight_WeActStudioV2/Candlelight/control.o
 .rodata.USBD_GetUserStringDescr.str1.4
                0x08009263       0x39 Build_STM32G431_Candlelight_WeActStudioV2/Candlelight/usb_class.o
 *fill*         0x08009263        0x1 
 .rodata.DLCtoBytes
                0x08009264       0x10 Build_STM32G431_Candlelight_WeActStudioV2/STM32Cube\libstm32cube.a(stm32g4xx_hal_fdcan.o)
 .rodata._svfprintf_r.str1.1
                0x08009274       0x33 C:/ST/STM32CubeIDE_2.1.1/STM32CubeIDE/plugins/com.st.stm32cube.ide.mcu.externaltools.gnu-tools-for-stm32.14.3.rel1.win32_1.0.100.202602081740/tools/bin/../lib/gcc/arm-none-eabi/14.3.1/../../../../arm-none-eabi/lib/thumb/v7e-m/nofp\libc_nano.a(libc_a-nano-svfprintf.o)
                                 0x11 (size before relaxing)
 .rodata._printf_i.str1.1
                0x080092a7       0x22 C:/ST/STM32CubeIDE_2.1.1/STM32CubeIDE/plugins/com.st.stm32cube.ide.mcu.externaltools.gnu-tools-for-stm32.14.3.rel1.win32_1.0.100.202602081740/tools/bin/../lib/gcc/arm-none-eabi/14.3.1/../../../../arm-none-eabi/lib/thumb/v7e-m/nofp\libc_nano.a(libc_a-nano-vfprintf_i.o)
                0x080092cc                        . = ALIGN (0x4)
 *fill*         0x080092a7        0x1 

.ARM.extab
 *(.ARM.extab* .gnu.linkonce.armextab.*)

.ARM            0x080092a8        0x8
                0x080092a8                        __exidx_start = .
 *(.ARM.exidx*)
 .ARM.exidx     0x080092a8        0x8 C:/ST/STM32CubeIDE_2.1.1/STM32CubeIDE/plugins/com.st.stm32cube.ide.mcu.externaltools.gnu-tools-for-stm32.14.3.rel1.win32_1.0.100.202602081740/tools/bin/../lib/gcc/arm-none-eabi/14.3.1/../../../../arm-none-eabi/lib/thumb/v7e-m/nofp\libc_nano.a(libc_a-strlen.o)
 .ARM.exidx     0x080092b0        0x0 C:/ST/STM32CubeIDE_2.1.1/STM32CubeIDE/plugins/com.st.stm32cube.ide.mcu.externaltools.gnu-tools-for-stm32.14.3.rel1.win32_1.0.100.202602081740/tools/bin/../lib/gcc/arm-none-eabi/14.3.1/../../../../arm-none-eabi/lib/thumb/v7e-m/nofp\libc_nano.a(libc_a-memchr.o)
                                  0x8 (size before relaxing)
                0x080092b0                        __exidx_end = .

.rel.dyn        0x080092b0        0x0
 .rel.iplt      0x080092b0        0x0 C:/ST/STM32CubeIDE_2.1.1/STM32CubeIDE/plugins/com.st.stm32cube.ide.mcu.externaltools.gnu-tools-for-stm32.14.3.rel1.win32_1.0.100.202602081740/tools/bin/../lib/gcc/arm-none-eabi/14.3.1/thumb/v7e-m/nofp/crtbegin.o

.preinit_array  0x080092b0        0x0
                0x080092b0                        PROVIDE (__preinit_array_start = .)
 *(.preinit_array*)
                0x080092b0                        PROVIDE (__preinit_array_end = .)

.init_array     0x080092b0        0x4
                0x080092b0                        PROVIDE (__init_array_start = .)
 *(SORT_BY_NAME(.init_array.*))
 *(.init_array*)
 .init_array    0x080092b0        0x4 C:/ST/STM32CubeIDE_2.1.1/STM32CubeIDE/plugins/com.st.stm32cube.ide.mcu.externaltools.gnu-tools-for-stm32.14.3.rel1.win32_1.0.100.202602081740/tools/bin/../lib/gcc/arm-none-eabi/14.3.1/thumb/v7e-m/nofp/crtbegin.o
                0x080092b4                        PROVIDE (__init_array_end = .)

.fini_array     0x080092b4        0x4
                [!provide]                        PROVIDE (__fini_array_start = .)
 *(SORT_BY_NAME(.fini_array.*))
 *(.fini_array*)
 .fini_array    0x080092b4        0x4 C:/ST/STM32CubeIDE_2.1.1/STM32CubeIDE/plugins/com.st.stm32cube.ide.mcu.externaltools.gnu-tools-for-stm32.14.3.rel1.win32_1.0.100.202602081740/tools/bin/../lib/gcc/arm-none-eabi/14.3.1/thumb/v7e-m/nofp/crtbegin.o
                [!provide]                        PROVIDE (__fini_array_end = .)
                0x080092b8                        _sidata = LOADADDR (.data)

.data           0x20000000      0x1fc load address 0x080092b8
                0x20000000                        . = ALIGN (0x4)
                0x20000000                        _sdata = .
 *(.data)
 *(.data*)
 .data.blink_leds
                0x20000000        0x1 Build_STM32G431_Candlelight_WeActStudioV2/main.o
                0x20000000                blink_leds
 *fill*         0x20000001        0x3 
 .data.SystemCoreClock
                0x20000004        0x4 Build_STM32G431_Candlelight_WeActStudioV2/system_STM32G4xx.o
                0x20000004                SystemCoreClock
 .data.SET_TermPins
                0x20000008        0x4 Build_STM32G431_Candlelight_WeActStudioV2/can.o
                0x20000008                SET_TermPins
 .data.SET_TermPorts
                0x2000000c        0x4 Build_STM32G431_Candlelight_WeActStudioV2/can.o
                0x2000000c                SET_TermPorts
 .data.SET_CanAlternates
                0x20000010        0x1 Build_STM32G431_Candlelight_WeActStudioV2/can.o
                0x20000010                SET_CanAlternates
 *fill*         0x20000011        0x3 
 .data.SET_CanPins
                0x20000014        0x4 Build_STM32G431_Candlelight_WeActStudioV2/can.o
                0x20000014                SET_CanPins
 .data.SET_CanPorts
                0x20000018        0x4 Build_STM32G431_Candlelight_WeActStudioV2/can.o
                0x20000018                SET_CanPorts
 .data.SET_CanInterfaces
                0x2000001c        0x4 Build_STM32G431_Candlelight_WeActStudioV2/can.o
                0x2000001c                SET_CanInterfaces
 .data.SET_LedRxPins
                0x20000020        0x4 Build_STM32G431_Candlelight_WeActStudioV2/led.o
                0x20000020                SET_LedRxPins
 .data.SET_LedRxPorts
                0x20000024        0x4 Build_STM32G431_Candlelight_WeActStudioV2/led.o
                0x20000024                SET_LedRxPorts
 .data.SET_LedTxPins
                0x20000028        0x4 Build_STM32G431_Candlelight_WeActStudioV2/led.o
                0x20000028                SET_LedTxPins
 .data.SET_LedTxPorts
                0x2000002c        0x4 Build_STM32G431_Candlelight_WeActStudioV2/led.o
                0x2000002c                SET_LedTxPorts
 .data.USBD_LangIDDesc
                0x20000030        0x4 Build_STM32G431_Candlelight_WeActStudioV2/usb_ctrlreq.o
                0x20000030                USBD_LangIDDesc
 .data.ELM_LastError
                0x20000034        0x1 Build_STM32G431_Candlelight_WeActStudioV2/Candlelight/control.o
                0x20000034                ELM_LastError
 *fill*         0x20000035        0x3 
 .data.USBD_MicrosoftExtPropertyDescr
                0x20000038       0x92 Build_STM32G431_Candlelight_WeActStudioV2/Candlelight/usb_class.o
                0x20000038                USBD_MicrosoftExtPropertyDescr
 *fill*         0x200000ca        0x2 
 .data.USBD_MicrosoftFeatureDescr
                0x200000cc       0x40 Build_STM32G431_Candlelight_WeActStudioV2/Candlelight/usb_class.o
                0x200000cc                USBD_MicrosoftFeatureDescr
 .data.USBD_ConfigDescFS
                0x2000010c       0x32 Build_STM32G431_Candlelight_WeActStudioV2/Candlelight/usb_class.o
                0x2000010c                USBD_ConfigDescFS
 *fill*         0x2000013e        0x2 
 .data.USBD_DeviceDesc
                0x20000140       0x12 Build_STM32G431_Candlelight_WeActStudioV2/Candlelight/usb_class.o
                0x20000140                USBD_DeviceDesc
 *fill*         0x20000152        0x2 
 .data.USBD_ClassCallbacks
                0x20000154       0x28 Build_STM32G431_Candlelight_WeActStudioV2/Candlelight/usb_class.o
                0x20000154                USBD_ClassCallbacks
 .data.EndpointsOUT
                0x2000017c        0x3 Build_STM32G431_Candlelight_WeActStudioV2/Candlelight/usb_class.o
                0x2000017c                EndpointsOUT
 *fill*         0x2000017f        0x1 
 .data.EndpointsIN
                0x20000180        0x3 Build_STM32G431_Candlelight_WeActStudioV2/Candlelight/usb_class.o
                0x20000180                EndpointsIN
 *fill*         0x20000183        0x1 
 .data.uwTickFreq
                0x20000184        0x4 Build_STM32G431_Candlelight_WeActStudioV2/STM32Cube\libstm32cube.a(stm32g4xx_hal.o)
                0x20000184                uwTickFreq
 .data.uwTickPrio
                0x20000188        0x4 Build_STM32G431_Candlelight_WeActStudioV2/STM32Cube\libstm32cube.a(stm32g4xx_hal.o)
                0x20000188                uwTickPrio
 .data.pFlash   0x2000018c       0x20 Build_STM32G431_Candlelight_WeActStudioV2/STM32Cube\libstm32cube.a(stm32g4xx_hal_flash.o)
                0x2000018c                pFlash
 .data._impure_ptr
                0x200001ac        0x4 C:/ST/STM32CubeIDE_2.1.1/STM32CubeIDE/plugins/com.st.stm32cube.ide.mcu.externaltools.gnu-tools-for-stm32.14.3.rel1.win32_1.0.100.202602081740/tools/bin/../lib/gcc/arm-none-eabi/14.3.1/../../../../arm-none-eabi/lib/thumb/v7e-m/nofp\libc_nano.a(libc_a-impure.o)
                0x200001ac                _impure_ptr
 .data._impure_data
                0x200001b0       0x4c C:/ST/STM32CubeIDE_2.1.1/STM32CubeIDE/plugins/com.st.stm32cube.ide.mcu.externaltools.gnu-tools-for-stm32.14.3.rel1.win32_1.0.100.202602081740/tools/bin/../lib/gcc/arm-none-eabi/14.3.1/../../../../arm-none-eabi/lib/thumb/v7e-m/nofp\libc_nano.a(libc_a-impure.o)
                0x200001b0                _impure_data
                0x200001fc                        . = ALIGN (0x4)
                0x200001fc                        _edata = .

.igot.plt       0x200001fc        0x0 load address 0x080094b4
 .igot.plt      0x200001fc        0x0 C:/ST/STM32CubeIDE_2.1.1/STM32CubeIDE/plugins/com.st.stm32cube.ide.mcu.externaltools.gnu-tools-for-stm32.14.3.rel1.win32_1.0.100.202602081740/tools/bin/../lib/gcc/arm-none-eabi/14.3.1/thumb/v7e-m/nofp/crtbegin.o
                0x200001fc                        . = ALIGN (0x4)

.bss            0x20000200     0x5700 load address 0x080094b4
                0x20000200                        _sbss = .
                0x20000200                        __bss_start__ = _sbss
 *(.bss)
 .bss           0x20000200       0x1c C:/ST/STM32CubeIDE_2.1.1/STM32CubeIDE/plugins/com.st.stm32cube.ide.mcu.externaltools.gnu-tools-for-stm32.14.3.rel1.win32_1.0.100.202602081740/tools/bin/../lib/gcc/arm-none-eabi/14.3.1/thumb/v7e-m/nofp/crtbegin.o
 *(.bss*)
 .bss.usb_suspend
                0x2000021c        0x1 Build_STM32G431_Candlelight_WeActStudioV2/main.o
                0x2000021c                usb_suspend
 *fill*         0x2000021d        0x3 
 .bss.tick_last
                0x20000220        0x4 Build_STM32G431_Candlelight_WeActStudioV2/main.o
                0x20000220                tick_last
 .bss.timestamp_wrap
                0x20000224        0x4 Build_STM32G431_Candlelight_WeActStudioV2/system.o
                0x20000224                timestamp_wrap
 .bss.canfd_clock
                0x20000228        0x4 Build_STM32G431_Candlelight_WeActStudioV2/system.o
                0x20000228                canfd_clock
 *fill*         0x2000022c        0x4 
 .bss.can_inst  0x20000230      0x1a0 Build_STM32G431_Candlelight_WeActStudioV2/can.o
                0x20000230                can_inst
 .bss.GLB_UserFlags
                0x200003d0        0x1 Build_STM32G431_Candlelight_WeActStudioV2/can.o
                0x200003d0                GLB_UserFlags
 *fill*         0x200003d1        0x3 
 .bss.err_inst  0x200003d4       0x14 Build_STM32G431_Candlelight_WeActStudioV2/error.o
                0x200003d4                err_inst
 .bss.led_inst  0x200003e8       0x20 Build_STM32G431_Candlelight_WeActStudioV2/led.o
                0x200003e8                led_inst
 .bss.dfu_require_reset
                0x20000408        0x1 Build_STM32G431_Candlelight_WeActStudioV2/dfu.o
 *fill*         0x20000409        0x3 
 .bss.dfu_delay_start
                0x2000040c        0x4 Build_STM32G431_Candlelight_WeActStudioV2/dfu.o
 .bss.dfu_sys_memory_base
                0x20000410        0x4 Build_STM32G431_Candlelight_WeActStudioV2/dfu.o
 *fill*         0x20000414        0x4 
 .bss.limits_data
                0x20000418       0x10 Build_STM32G431_Candlelight_WeActStudioV2/utils.o
                0x20000418                limits_data
 .bss.limits_nom
                0x20000428       0x10 Build_STM32G431_Candlelight_WeActStudioV2/utils.o
                0x20000428                limits_nom
 .bss.cfgidx.0  0x20000438        0x1 Build_STM32G431_Candlelight_WeActStudioV2/usb_ctrlreq.o
 *fill*         0x20000439        0x3 
 .bss.USBD_StrDesc
                0x2000043c      0x200 Build_STM32G431_Candlelight_WeActStudioV2/usb_ctrlreq.o
                0x2000043c                USBD_StrDesc
 .bss.USB_Handle
                0x2000063c      0x2ac Build_STM32G431_Candlelight_WeActStudioV2/usb_core.o
                0x2000063c                USB_Handle
 .bss.bSuspended
                0x200008e8        0x1 Build_STM32G431_Candlelight_WeActStudioV2/usb_lowlevel.o
                0x200008e8                bSuspended
 *fill*         0x200008e9        0x3 
 .bss.PCD_Handle
                0x200008ec      0x2dc Build_STM32G431_Candlelight_WeActStudioV2/usb_lowlevel.o
                0x200008ec                PCD_Handle
 .bss.last_setup
                0x20000bc8        0x8 Build_STM32G431_Candlelight_WeActStudioV2/Candlelight/control.o
                0x20000bc8                last_setup
 .bss.ep0_buf   0x20000bd0      0x7d8 Build_STM32G431_Candlelight_WeActStudioV2/Candlelight/control.o
                0x20000bd0                ep0_buf
 .bss.ELM_BoardInfo
                0x200013a8       0x38 Build_STM32G431_Candlelight_WeActStudioV2/Candlelight/control.o
                0x200013a8                ELM_BoardInfo
 .bss.GS_DeviceVersion
                0x200013e0        0xc Build_STM32G431_Candlelight_WeActStudioV2/Candlelight/control.o
                0x200013e0                GS_DeviceVersion
 .bss.GS_CapabilityFD
                0x200013ec       0x48 Build_STM32G431_Candlelight_WeActStudioV2/Candlelight/control.o
                0x200013ec                GS_CapabilityFD
 .bss.GS_CapabilityClassic
                0x20001434       0x28 Build_STM32G431_Candlelight_WeActStudioV2/Candlelight/control.o
                0x20001434                GS_CapabilityClassic
 *fill*         0x2000145c        0x4 
 .bss.buf_inst  0x20001460     0x4334 Build_STM32G431_Candlelight_WeActStudioV2/Candlelight/buffer.o
                0x20001460                buf_inst
 .bss.GLB_ProtoElmue
                0x20005794        0x1 Build_STM32G431_Candlelight_WeActStudioV2/Candlelight/buffer.o
                0x20005794                GLB_ProtoElmue
 .bss.ifalt.0   0x20005795        0x1 Build_STM32G431_Candlelight_WeActStudioV2/Candlelight/usb_class.o
 .bss.Class_InitDone
                0x20005796        0x1 Build_STM32G431_Candlelight_WeActStudioV2/Candlelight/usb_class.o
                0x20005796                Class_InitDone
 *fill*         0x20005797        0x1 
 .bss.DFU_Status
                0x20005798        0x6 Build_STM32G431_Candlelight_WeActStudioV2/Candlelight/usb_class.o
                0x20005798                DFU_Status
 *fill*         0x2000579e        0x2 
 .bss.EpToChannel
                0x200057a0       0x10 Build_STM32G431_Candlelight_WeActStudioV2/Candlelight/usb_class.o
                0x200057a0                EpToChannel
 .bss.uwTick    0x200057b0        0x4 Build_STM32G431_Candlelight_WeActStudioV2/STM32Cube\libstm32cube.a(stm32g4xx_hal.o)
                0x200057b0                uwTick
 .bss.__sf      0x200057b4      0x138 C:/ST/STM32CubeIDE_2.1.1/STM32CubeIDE/plugins/com.st.stm32cube.ide.mcu.externaltools.gnu-tools-for-stm32.14.3.rel1.win32_1.0.100.202602081740/tools/bin/../lib/gcc/arm-none-eabi/14.3.1/../../../../arm-none-eabi/lib/thumb/v7e-m/nofp\libc_nano.a(libc_a-findfp.o)
                0x200057b4                __sf
 .bss.errno     0x200058ec        0x4 C:/ST/STM32CubeIDE_2.1.1/STM32CubeIDE/plugins/com.st.stm32cube.ide.mcu.externaltools.gnu-tools-for-stm32.14.3.rel1.win32_1.0.100.202602081740/tools/bin/../lib/gcc/arm-none-eabi/14.3.1/../../../../arm-none-eabi/lib/thumb/v7e-m/nofp\libc_nano.a(libc_a-reent.o)
                0x200058ec                errno
 .bss.__lock___malloc_recursive_mutex
                0x200058f0        0x1 C:/ST/STM32CubeIDE_2.1.1/STM32CubeIDE/plugins/com.st.stm32cube.ide.mcu.externaltools.gnu-tools-for-stm32.14.3.rel1.win32_1.0.100.202602081740/tools/bin/../lib/gcc/arm-none-eabi/14.3.1/../../../../arm-none-eabi/lib/thumb/v7e-m/nofp\libc_nano.a(libc_a-lock.o)
                0x200058f0                __lock___malloc_recursive_mutex
 *fill*         0x200058f1        0x3 
 .bss.__malloc_sbrk_start
                0x200058f4        0x4 C:/ST/STM32CubeIDE_2.1.1/STM32CubeIDE/plugins/com.st.stm32cube.ide.mcu.externaltools.gnu-tools-for-stm32.14.3.rel1.win32_1.0.100.202602081740/tools/bin/../lib/gcc/arm-none-eabi/14.3.1/../../../../arm-none-eabi/lib/thumb/v7e-m/nofp\libc_nano.a(libc_a-mallocr.o)
                0x200058f4                __malloc_sbrk_start
 .bss.__malloc_free_list
                0x200058f8        0x4 C:/ST/STM32CubeIDE_2.1.1/STM32CubeIDE/plugins/com.st.stm32cube.ide.mcu.externaltools.gnu-tools-for-stm32.14.3.rel1.win32_1.0.100.202602081740/tools/bin/../lib/gcc/arm-none-eabi/14.3.1/../../../../arm-none-eabi/lib/thumb/v7e-m/nofp\libc_nano.a(libc_a-mallocr.o)
                0x200058f8                __malloc_free_list
 .bss.heap_end.0
                0x200058fc        0x4 C:/ST/STM32CubeIDE_2.1.1/STM32CubeIDE/plugins/com.st.stm32cube.ide.mcu.externaltools.gnu-tools-for-stm32.14.3.rel1.win32_1.0.100.202602081740/tools/bin/../lib/gcc/arm-none-eabi/14.3.1/../../../../arm-none-eabi/lib/thumb/v7e-m/nofp\libnosys.a(sbrk.o)
 *(COMMON)
                0x20005900                        . = ALIGN (0x4)
                0x20005900                        _ebss = .
                0x20005900                        __bss_end__ = _ebss

._user_heap_stack
                0x20005900      0x600 load address 0x080094b4
                0x20005900                        . = ALIGN (0x8)
                0x20005900                        PROVIDE (end = .)
                [!provide]                        PROVIDE (_end = .)
                0x20005b00                        . = (. + _Min_Heap_Size)
 *fill*         0x20005900      0x200 
                0x20005f00                        . = (. + _Min_Stack_Size)
 *fill*         0x20005b00      0x400 
                0x20005f00                        . = ALIGN (0x8)

/DISCARD/
 libc.a(*)
 libm.a(*)
 libgcc.a(*)

.ARM.attributes
                0x00000000       0x2a
 *(.ARM.attributes)
 .ARM.attributes
                0x00000000       0x1e C:/ST/STM32CubeIDE_2.1.1/STM32CubeIDE/plugins/com.st.stm32cube.ide.mcu.externaltools.gnu-tools-for-stm32.14.3.rel1.win32_1.0.100.202602081740/tools/bin/../lib/gcc/arm-none-eabi/14.3.1/thumb/v7e-m/nofp/crti.o
 .ARM.attributes
                0x0000001e       0x2e C:/ST/STM32CubeIDE_2.1.1/STM32CubeIDE/plugins/com.st.stm32cube.ide.mcu.externaltools.gnu-tools-for-stm32.14.3.rel1.win32_1.0.100.202602081740/tools/bin/../lib/gcc/arm-none-eabi/14.3.1/thumb/v7e-m/nofp/crtbegin.o
 .ARM.attributes
                0x0000004c       0x2e Build_STM32G431_Candlelight_WeActStudioV2/main.o
 .ARM.attributes
                0x0000007a       0x2e Build_STM32G431_Candlelight_WeActStudioV2/system_STM32G4xx.o
 .ARM.attributes
                0x000000a8       0x2e Build_STM32G431_Candlelight_WeActStudioV2/system.o
 .ARM.attributes
                0x000000d6       0x2e Build_STM32G431_Candlelight_WeActStudioV2/interrupts.o
 .ARM.attributes
                0x00000104       0x2e Build_STM32G431_Candlelight_WeActStudioV2/can.o
 .ARM.attributes
                0x00000132       0x2e Build_STM32G431_Candlelight_WeActStudioV2/error.o
 .ARM.attributes
                0x00000160       0x2e Build_STM32G431_Candlelight_WeActStudioV2/led.o
 .ARM.attributes
                0x0000018e       0x2e Build_STM32G431_Candlelight_WeActStudioV2/dfu.o
 .ARM.attributes
                0x000001bc       0x2e Build_STM32G431_Candlelight_WeActStudioV2/utils.o
 .ARM.attributes
                0x000001ea       0x2e Build_STM32G431_Candlelight_WeActStudioV2/usb_ctrlreq.o
 .ARM.attributes
                0x00000218       0x2e Build_STM32G431_Candlelight_WeActStudioV2/usb_ioreq.o
 .ARM.attributes
                0x00000246       0x2e Build_STM32G431_Candlelight_WeActStudioV2/usb_core.o
 .ARM.attributes
                0x00000274       0x2e Build_STM32G431_Candlelight_WeActStudioV2/usb_lowlevel.o
 .ARM.attributes
                0x000002a2       0x21 Build_STM32G431_Candlelight_WeActStudioV2/startup_STM32G431.o
 .ARM.attributes
                0x000002c3       0x2e Build_STM32G431_Candlelight_WeActStudioV2/Candlelight/control.o
 .ARM.attributes
                0x000002f1       0x2e Build_STM32G431_Candlelight_WeActStudioV2/Candlelight/buffer.o
 .ARM.attributes
                0x0000031f       0x2e Build_STM32G431_Candlelight_WeActStudioV2/Candlelight/usb_class.o
 .ARM.attributes
                0x0000034d       0x2e Build_STM32G431_Candlelight_WeActStudioV2/STM32Cube\libstm32cube.a(stm32g4xx_hal.o)
 .ARM.attributes
                0x0000037b       0x2e Build_STM32G431_Candlelight_WeActStudioV2/STM32Cube\libstm32cube.a(stm32g4xx_hal_cortex.o)
 .ARM.attributes
                0x000003a9       0x2e Build_STM32G431_Candlelight_WeActStudioV2/STM32Cube\libstm32cube.a(stm32g4xx_hal_fdcan.o)
 .ARM.attributes
                0x000003d7       0x2e Build_STM32G431_Candlelight_WeActStudioV2/STM32Cube\libstm32cube.a(stm32g4xx_hal_flash.o)
 .ARM.attributes
                0x00000405       0x2e Build_STM32G431_Candlelight_WeActStudioV2/STM32Cube\libstm32cube.a(stm32g4xx_hal_flash_ex.o)
 .ARM.attributes
                0x00000433       0x2e Build_STM32G431_Candlelight_WeActStudioV2/STM32Cube\libstm32cube.a(stm32g4xx_hal_gpio.o)
 .ARM.attributes
                0x00000461       0x2e Build_STM32G431_Candlelight_WeActStudioV2/STM32Cube\libstm32cube.a(stm32g4xx_hal_pcd.o)
 .ARM.attributes
                0x0000048f       0x2e Build_STM32G431_Candlelight_WeActStudioV2/STM32Cube\libstm32cube.a(stm32g4xx_hal_pcd_ex.o)
 .ARM.attributes
                0x000004bd       0x2e Build_STM32G431_Candlelight_WeActStudioV2/STM32Cube\libstm32cube.a(stm32g4xx_hal_pwr_ex.o)
 .ARM.attributes
                0x000004eb       0x2e Build_STM32G431_Candlelight_WeActStudioV2/STM32Cube\libstm32cube.a(stm32g4xx_hal_rcc.o)
 .ARM.attributes
                0x00000519       0x2e Build_STM32G431_Candlelight_WeActStudioV2/STM32Cube\libstm32cube.a(stm32g4xx_hal_rcc_ex.o)
 .ARM.attributes
                0x00000547       0x2e Build_STM32G431_Candlelight_WeActStudioV2/STM32Cube\libstm32cube.a(stm32g4xx_hal_tim.o)
 .ARM.attributes
                0x00000575       0x2e Build_STM32G431_Candlelight_WeActStudioV2/STM32Cube\libstm32cube.a(stm32g4xx_ll_usb.o)
 .ARM.attributes
                0x000005a3       0x2e C:/ST/STM32CubeIDE_2.1.1/STM32CubeIDE/plugins/com.st.stm32cube.ide.mcu.externaltools.gnu-tools-for-stm32.14.3.rel1.win32_1.0.100.202602081740/tools/bin/../lib/gcc/arm-none-eabi/14.3.1/../../../../arm-none-eabi/lib/thumb/v7e-m/nofp\libc_nano.a(libc_a-findfp.o)
 .ARM.attributes
                0x000005d1       0x2e C:/ST/STM32CubeIDE_2.1.1/STM32CubeIDE/plugins/com.st.stm32cube.ide.mcu.externaltools.gnu-tools-for-stm32.14.3.rel1.win32_1.0.100.202602081740/tools/bin/../lib/gcc/arm-none-eabi/14.3.1/../../../../arm-none-eabi/lib/thumb/v7e-m/nofp\libc_nano.a(libc_a-sprintf.o)
 .ARM.attributes
                0x000005ff       0x2e C:/ST/STM32CubeIDE_2.1.1/STM32CubeIDE/plugins/com.st.stm32cube.ide.mcu.externaltools.gnu-tools-for-stm32.14.3.rel1.win32_1.0.100.202602081740/tools/bin/../lib/gcc/arm-none-eabi/14.3.1/../../../../arm-none-eabi/lib/thumb/v7e-m/nofp\libc_nano.a(libc_a-memcmp.o)
 .ARM.attributes
                0x0000062d       0x2e C:/ST/STM32CubeIDE_2.1.1/STM32CubeIDE/plugins/com.st.stm32cube.ide.mcu.externaltools.gnu-tools-for-stm32.14.3.rel1.win32_1.0.100.202602081740/tools/bin/../lib/gcc/arm-none-eabi/14.3.1/../../../../arm-none-eabi/lib/thumb/v7e-m/nofp\libc_nano.a(libc_a-memmove.o)